Archive member included because of file (symbol)

/usr/lib/gcc/avr/4.8.1/../../../avr/lib/avr5/libm.a(fixsfsi.o)
                              obj_ergodox_pjrc/common/mousekey.o (__fixsfsi)
/usr/lib/gcc/avr/4.8.1/../../../avr/lib/avr5/libm.a(fixunssfsi.o)
                              /usr/lib/gcc/avr/4.8.1/../../../avr/lib/avr5/libm.a(fixsfsi.o) (__fixunssfsi)
/usr/lib/gcc/avr/4.8.1/../../../avr/lib/avr5/libm.a(floatsisf.o)
                              obj_ergodox_pjrc/common/mousekey.o (__floatsisf)
/usr/lib/gcc/avr/4.8.1/../../../avr/lib/avr5/libm.a(fp_split3.o)
                              /usr/lib/gcc/avr/4.8.1/../../../avr/lib/avr5/libm.a(fixunssfsi.o) (__fp_splitA)
/usr/lib/gcc/avr/4.8.1/../../../avr/lib/avr5/libm.a(fp_zero.o)
                              /usr/lib/gcc/avr/4.8.1/../../../avr/lib/avr5/libm.a(fixunssfsi.o) (__fp_zero)
/usr/lib/gcc/avr/4.8.1/../../../avr/lib/avr5/libm.a(mulsf3.o)
                              obj_ergodox_pjrc/common/mousekey.o (__mulsf3)
/usr/lib/gcc/avr/4.8.1/../../../avr/lib/avr5/libm.a(mulsf3x.o)
                              /usr/lib/gcc/avr/4.8.1/../../../avr/lib/avr5/libm.a(mulsf3.o) (__mulsf3x)
/usr/lib/gcc/avr/4.8.1/../../../avr/lib/avr5/libm.a(fp_inf.o)
                              /usr/lib/gcc/avr/4.8.1/../../../avr/lib/avr5/libm.a(mulsf3x.o) (__fp_inf)
/usr/lib/gcc/avr/4.8.1/../../../avr/lib/avr5/libm.a(fp_nan.o)
                              /usr/lib/gcc/avr/4.8.1/../../../avr/lib/avr5/libm.a(mulsf3x.o) (__fp_nan)
/usr/lib/gcc/avr/4.8.1/../../../avr/lib/avr5/libm.a(fp_pscA.o)
                              /usr/lib/gcc/avr/4.8.1/../../../avr/lib/avr5/libm.a(mulsf3x.o) (__fp_pscA)
/usr/lib/gcc/avr/4.8.1/../../../avr/lib/avr5/libm.a(fp_pscB.o)
                              /usr/lib/gcc/avr/4.8.1/../../../avr/lib/avr5/libm.a(mulsf3x.o) (__fp_pscB)
/usr/lib/gcc/avr/4.8.1/../../../avr/lib/avr5/libm.a(fp_round.o)
                              /usr/lib/gcc/avr/4.8.1/../../../avr/lib/avr5/libm.a(mulsf3.o) (__fp_round)
/usr/lib/gcc/avr/4.8.1/avr5/libgcc.a(_divmodhi4.o)
                              obj_ergodox_pjrc/common/mousekey.o (__divmodhi4)
/usr/lib/gcc/avr/4.8.1/avr5/libgcc.a(_exit.o)
                              /usr/lib/gcc/avr/4.8.1/../../../avr/lib/avr5/crtm32u4.o (exit)
/usr/lib/gcc/avr/4.8.1/avr5/libgcc.a(_tablejump.o)
                              obj_ergodox_pjrc/common/action.o (__tablejump2__)
/usr/lib/gcc/avr/4.8.1/avr5/libgcc.a(_copy_data.o)
                              obj_ergodox_pjrc/matrix.o (__do_copy_data)
/usr/lib/gcc/avr/4.8.1/avr5/libgcc.a(_clear_bss.o)
                              obj_ergodox_pjrc/keymap.o (__do_clear_bss)
/usr/lib/gcc/avr/4.8.1/avr5/libgcc.a(_udivmodhi4.o)
                              /usr/lib/gcc/avr/4.8.1/avr5/libgcc.a(_divmodhi4.o) (__udivmodhi4)
/usr/lib/gcc/avr/4.8.1/../../../avr/lib/avr5/libc.a(eerd_byte_atmega32u4.o)
                              obj_ergodox_pjrc/common/avr/eeconfig.o (__eerd_byte_m32u4)
/usr/lib/gcc/avr/4.8.1/../../../avr/lib/avr5/libc.a(eerd_word_atmega32u4.o)
                              obj_ergodox_pjrc/common/avr/eeconfig.o (__eerd_word_m32u4)
/usr/lib/gcc/avr/4.8.1/../../../avr/lib/avr5/libc.a(eewr_byte_atmega32u4.o)
                              obj_ergodox_pjrc/common/avr/eeconfig.o (__eewr_byte_m32u4)
/usr/lib/gcc/avr/4.8.1/../../../avr/lib/avr5/libc.a(eewr_word_atmega32u4.o)
                              obj_ergodox_pjrc/common/avr/eeconfig.o (__eewr_word_m32u4)
/usr/lib/gcc/avr/4.8.1/../../../avr/lib/avr5/libc.a(eerd_block_atmega32u4.o)
                              /usr/lib/gcc/avr/4.8.1/../../../avr/lib/avr5/libc.a(eerd_word_atmega32u4.o) (__eerd_blraw_m32u4)

Allocating common symbols
Common symbol       size              file

keymap_config       0x1               obj_ergodox_pjrc/keymap.o

Discarded input sections

 .data          0x0000000000000000        0x0 /usr/lib/gcc/avr/4.8.1/../../../avr/lib/avr5/crtm32u4.o
 .bss           0x0000000000000000        0x0 /usr/lib/gcc/avr/4.8.1/../../../avr/lib/avr5/crtm32u4.o
 .text          0x0000000000000000        0x0 obj_ergodox_pjrc/keymap.o
 .data          0x0000000000000000        0x0 obj_ergodox_pjrc/keymap.o
 .bss           0x0000000000000000        0x0 obj_ergodox_pjrc/keymap.o
 .text          0x0000000000000000        0x0 obj_ergodox_pjrc/matrix.o
 .text.matrix_power_up
                0x0000000000000000        0x2 obj_ergodox_pjrc/matrix.o
 .text.matrix_power_down
                0x0000000000000000        0x2 obj_ergodox_pjrc/matrix.o
 .text.matrix_rows
                0x0000000000000000        0x4 obj_ergodox_pjrc/matrix.o
 .text.matrix_cols
                0x0000000000000000        0x4 obj_ergodox_pjrc/matrix.o
 .text.matrix_is_modified
                0x0000000000000000        0xc obj_ergodox_pjrc/matrix.o
 .text.matrix_is_on
                0x0000000000000000       0x28 obj_ergodox_pjrc/matrix.o
 .text.matrix_key_count
                0x0000000000000000       0x28 obj_ergodox_pjrc/matrix.o
[...]
Memory Configuration

Name             Origin             Length             Attributes
text             0x0000000000000000 0x0000000000020000 xr
data             0x0000000000800060 0x000000000000ffa0 rw !x
eeprom           0x0000000000810000 0x0000000000010000 rw !x
fuse             0x0000000000820000 0x0000000000000400 rw !x
lock             0x0000000000830000 0x0000000000000400 rw !x
signature        0x0000000000840000 0x0000000000000400 rw !x
user_signatures  0x0000000000850000 0x0000000000000400 rw !x
*default*        0x0000000000000000 0xffffffffffffffff

Linker script and memory map

Address of section .data set to 0x800100
LOAD /usr/lib/gcc/avr/4.8.1/../../../avr/lib/avr5/crtm32u4.o
LOAD obj_ergodox_pjrc/keymap.o
LOAD obj_ergodox_pjrc/matrix.o
LOAD obj_ergodox_pjrc/led.o
LOAD obj_ergodox_pjrc/ergodox.o
LOAD obj_ergodox_pjrc/twimaster.o
LOAD obj_ergodox_pjrc/protocol/pjrc/main.o
LOAD obj_ergodox_pjrc/protocol/pjrc/pjrc.o
LOAD obj_ergodox_pjrc/protocol/pjrc/usb_keyboard.o
LOAD obj_ergodox_pjrc/protocol/pjrc/usb_debug.o
LOAD obj_ergodox_pjrc/protocol/pjrc/usb.o
LOAD obj_ergodox_pjrc/protocol/pjrc/usb_mouse.o
LOAD obj_ergodox_pjrc/protocol/pjrc/usb_extra.o
LOAD obj_ergodox_pjrc/common/host.o
LOAD obj_ergodox_pjrc/common/keyboard.o
LOAD obj_ergodox_pjrc/common/action.o
LOAD obj_ergodox_pjrc/common/action_tapping.o
LOAD obj_ergodox_pjrc/common/action_macro.o
LOAD obj_ergodox_pjrc/common/action_layer.o
LOAD obj_ergodox_pjrc/common/action_util.o
LOAD obj_ergodox_pjrc/common/keymap.o
LOAD obj_ergodox_pjrc/common/print.o
LOAD obj_ergodox_pjrc/common/debug.o
LOAD obj_ergodox_pjrc/common/util.o
LOAD obj_ergodox_pjrc/common/avr/suspend.o
LOAD obj_ergodox_pjrc/common/avr/xprintf.o
LOAD obj_ergodox_pjrc/common/avr/timer.o
LOAD obj_ergodox_pjrc/common/avr/bootloader.o
LOAD obj_ergodox_pjrc/common/bootmagic.o
LOAD obj_ergodox_pjrc/common/avr/eeconfig.o
LOAD obj_ergodox_pjrc/common/mousekey.o
LOAD obj_ergodox_pjrc/common/command.o
LOAD obj_ergodox_pjrc/common/sleep_led.o
LOAD /usr/lib/gcc/avr/4.8.1/../../../avr/lib/avr5/libm.a
START GROUP
LOAD /usr/lib/gcc/avr/4.8.1/avr5/libgcc.a
LOAD /usr/lib/gcc/avr/4.8.1/../../../avr/lib/avr5/libm.a
LOAD /usr/lib/gcc/avr/4.8.1/../../../avr/lib/avr5/libc.a
END GROUP

.hash
 *(.hash)

.dynsym
 *(.dynsym)

.dynstr
 *(.dynstr)

.gnu.version
 *(.gnu.version)

.gnu.version_d
 *(.gnu.version_d)

.gnu.version_r
 *(.gnu.version_r)

.rel.init
 *(.rel.init)

.rela.init
 *(.rela.init)

.rel.text
 *(.rel.text)
 *(.rel.text.*)
 *(.rel.gnu.linkonce.t*)

.rela.text
 *(.rela.text)
 *(.rela.text.*)
 *(.rela.gnu.linkonce.t*)

.rel.fini
 *(.rel.fini)

.rela.fini
 *(.rela.fini)

.rel.rodata
 *(.rel.rodata)
 *(.rel.rodata.*)
 *(.rel.gnu.linkonce.r*)

.rela.rodata
 *(.rela.rodata)
 *(.rela.rodata.*)
 *(.rela.gnu.linkonce.r*)

.rel.data
 *(.rel.data)
 *(.rel.data.*)
 *(.rel.gnu.linkonce.d*)

.rela.data
 *(.rela.data)
 *(.rela.data.*)
 *(.rela.gnu.linkonce.d*)

.rel.ctors
 *(.rel.ctors)

.rela.ctors
 *(.rela.ctors)

.rel.dtors
 *(.rel.dtors)

.rela.dtors
 *(.rela.dtors)

.rel.got
 *(.rel.got)

.rela.got
 *(.rela.got)

.rel.bss
 *(.rel.bss)

.rela.bss
 *(.rela.bss)

.rel.plt
 *(.rel.plt)

.rela.plt
 *(.rela.plt)

.text           0x0000000000000000     0x5b18
 *(.vectors)
 .vectors       0x0000000000000000       0xac /usr/lib/gcc/avr/4.8.1/../../../avr/lib/avr5/crtm32u4.o
                0x0000000000000000                __vectors
                0x0000000000000000                __vector_default
 *(.vectors)
 *(.progmem.gcc*)
 .progmem.gcc_sw_table.process_action
                0x00000000000000ac       0x20 obj_ergodox_pjrc/common/action.o
 .progmem.gcc_sw_table.command_common
                0x00000000000000cc       0x86 obj_ergodox_pjrc/common/command.o
                0x0000000000000152                . = ALIGN (0x2)
                0x0000000000000152                __trampolines_start = .
 *(.trampolines)
 .trampolines   0x0000000000000152        0x0 linker stubs
 *(.trampolines*)
                0x0000000000000152                __trampolines_end = .
 *(.progmem*)
 .progmem.data  0x0000000000000152      0x183 obj_ergodox_pjrc/keymap.o
 .progmem.data  0x00000000000002d5       0x80 obj_ergodox_pjrc/matrix.o
 .progmem.data  0x0000000000000355       0x1d obj_ergodox_pjrc/protocol/pjrc/usb_keyboard.o
 .progmem.data  0x0000000000000372      0x247 obj_ergodox_pjrc/protocol/pjrc/usb.o
 .progmem.data  0x00000000000005b9       0x1a obj_ergodox_pjrc/common/host.o
 .progmem.data  0x00000000000005d3       0x1a obj_ergodox_pjrc/common/keyboard.o
 .progmem.data  0x00000000000005ed       0x3c obj_ergodox_pjrc/common/action_util.o
 .progmem.data  0x0000000000000629       0x1c obj_ergodox_pjrc/common/bootmagic.o
 .progmem.data  0x0000000000000645       0x4a obj_ergodox_pjrc/common/mousekey.o
 .progmem.data  0x000000000000068f      0xb31 obj_ergodox_pjrc/common/command.o
 .progmem.data  0x00000000000011c0       0x40 obj_ergodox_pjrc/common/sleep_led.o
                0x0000000000001200                . = ALIGN (0x2)
 *(.jumptables)
 *(.jumptables*)
 *(.lowtext)
 *(.lowtext*)
                0x0000000000001200                __ctors_start = .
 *(.ctors)
                0x0000000000001200                __ctors_end = .
                0x0000000000001200                __dtors_start = .
 *(.dtors)
                0x0000000000001200                __dtors_end = .
 SORT(*)(.ctors)
 SORT(*)(.dtors)
 *(.init0)
 .init0         0x0000000000001200        0x0 /usr/lib/gcc/avr/4.8.1/../../../avr/lib/avr5/crtm32u4.o
                0x0000000000001200                __init
 *(.init0)
 *(.init1)
 *(.init1)
 *(.init2)
 .init2         0x0000000000001200        0xc /usr/lib/gcc/avr/4.8.1/../../../avr/lib/avr5/crtm32u4.o
 *(.init2)
 *(.init3)
 .init3         0x000000000000120c       0x4e obj_ergodox_pjrc/common/avr/bootloader.o
                0x000000000000120c                bootloader_jump_after_watchdog_reset
 *(.init3)
 *(.init4)
 .init4         0x000000000000125a       0x16 /usr/lib/gcc/avr/4.8.1/avr5/libgcc.a(_copy_data.o)
                0x000000000000125a                __do_copy_data
 .init4         0x0000000000001270       0x10 /usr/lib/gcc/avr/4.8.1/avr5/libgcc.a(_clear_bss.o)
                0x0000000000001270                __do_clear_bss
 *(.init4)
 *(.init5)
 *(.init5)
 *(.init6)
 *(.init6)
 *(.init7)
 *(.init7)
 *(.init8)
 *(.init8)
 *(.init9)
 .init9         0x0000000000001280        0x8 /usr/lib/gcc/avr/4.8.1/../../../avr/lib/avr5/crtm32u4.o
 *(.init9)
 *(.text)
 .text          0x0000000000001288        0x4 /usr/lib/gcc/avr/4.8.1/../../../avr/lib/avr5/crtm32u4.o
                0x0000000000001288                __vector_38
                0x0000000000001288                __vector_22
                0x0000000000001288                __vector_28
                0x0000000000001288                __vector_1
                0x0000000000001288                __vector_32
                0x0000000000001288                __vector_34
                0x0000000000001288                __vector_24
                0x0000000000001288                __vector_12
                0x0000000000001288                __bad_interrupt
                0x0000000000001288                __vector_6
                0x0000000000001288                __vector_31
                0x0000000000001288                __vector_35
                0x0000000000001288                __vector_39
                0x0000000000001288                __vector_3
                0x0000000000001288                __vector_23
                0x0000000000001288                __vector_30
                0x0000000000001288                __vector_25
                0x0000000000001288                __vector_13
                0x0000000000001288                __vector_19
                0x0000000000001288                __vector_7
                0x0000000000001288                __vector_41
                0x0000000000001288                __vector_27
                0x0000000000001288                __vector_5
                0x0000000000001288                __vector_33
                0x0000000000001288                __vector_37
                0x0000000000001288                __vector_4
                0x0000000000001288                __vector_9
                0x0000000000001288                __vector_2
                0x0000000000001288                __vector_15
                0x0000000000001288                __vector_36
                0x0000000000001288                __vector_29
                0x0000000000001288                __vector_40
                0x0000000000001288                __vector_8
                0x0000000000001288                __vector_26
                0x0000000000001288                __vector_14
                0x0000000000001288                __vector_16
                0x0000000000001288                __vector_18
                0x0000000000001288                __vector_20
                0x0000000000001288                __vector_42
 .text          0x000000000000128c      0x15c obj_ergodox_pjrc/common/avr/xprintf.o
                0x000000000000128c                xputc
                0x00000000000012a4                xputs
                0x00000000000012b2                xitoa
                0x00000000000013d6                __xprintf
                0x00000000000013e8                . = ALIGN (0x2)
 *(.text.*)
 .text.matrix_power_up
                0x00000000000013e8        0x2 obj_ergodox_pjrc/keymap.o
                0x00000000000013e8                matrix_power_up
 .text.matrix_power_down
                0x00000000000013ea        0x2 obj_ergodox_pjrc/keymap.o
                0x00000000000013ea                matrix_power_down
 .text.action_function
                0x00000000000013ec       0x30 obj_ergodox_pjrc/keymap.o
                0x00000000000013ec                action_function
 .text.keymap_key_to_keycode
                0x000000000000141c       0x3a obj_ergodox_pjrc/keymap.o
                0x000000000000141c                keymap_key_to_keycode
 .text.keymap_fn_to_action
                0x0000000000001456       0x22 obj_ergodox_pjrc/keymap.o
                0x0000000000001456                keymap_fn_to_action
 .text.unselect_rows
                0x0000000000001478       0x5a obj_ergodox_pjrc/matrix.o
 .text.matrix_init
                0x00000000000014d2       0x36 obj_ergodox_pjrc/matrix.o
                0x00000000000014d2                matrix_init
 .text.matrix_scan
                0x0000000000001508      0x256 obj_ergodox_pjrc/matrix.o
                0x0000000000001508                matrix_scan
 .text.matrix_get_row
                0x000000000000175e        0xc obj_ergodox_pjrc/matrix.o
                0x000000000000175e                matrix_get_row
 .text.matrix_print
                0x000000000000176a       0x8e obj_ergodox_pjrc/matrix.o
                0x000000000000176a                matrix_print
 .text.led_set  0x00000000000017f8       0x2c obj_ergodox_pjrc/led.o
                0x00000000000017f8                led_set
 .text.init_ergodox
                0x0000000000001824       0x26 obj_ergodox_pjrc/ergodox.o
                0x0000000000001824                init_ergodox
 .text.ergodox_left_leds_update
                0x000000000000184a       0x68 obj_ergodox_pjrc/ergodox.o
                0x000000000000184a                ergodox_left_leds_update
 .text.ergodox_blink_all_leds
                0x00000000000018b2       0x90 obj_ergodox_pjrc/ergodox.o
                0x00000000000018b2                ergodox_blink_all_leds
 .text.init_mcp23018
                0x0000000000001942       0xae obj_ergodox_pjrc/ergodox.o
                0x0000000000001942                init_mcp23018
 .text.i2c_init
                0x00000000000019f0        0xc obj_ergodox_pjrc/twimaster.o
                0x00000000000019f0                i2c_init
 .text.i2c_start
                0x00000000000019fc       0x44 obj_ergodox_pjrc/twimaster.o
                0x00000000000019fc                i2c_start
 .text.i2c_stop
                0x0000000000001a40       0x10 obj_ergodox_pjrc/twimaster.o
                0x0000000000001a40                i2c_stop
 .text.i2c_write
                0x0000000000001a50       0x22 obj_ergodox_pjrc/twimaster.o
                0x0000000000001a50                i2c_write
 .text.i2c_readNak
                0x0000000000001a72       0x14 obj_ergodox_pjrc/twimaster.o
                0x0000000000001a72                i2c_readNak
 .text.startup.main
                0x0000000000001a86       0x56 obj_ergodox_pjrc/protocol/pjrc/main.o
                0x0000000000001a86                main
 .text.keyboard_leds
                0x0000000000001adc        0x6 obj_ergodox_pjrc/protocol/pjrc/pjrc.o
 .text.send_consumer
                0x0000000000001ae2        0x4 obj_ergodox_pjrc/protocol/pjrc/pjrc.o
 .text.send_system
                0x0000000000001ae6        0x4 obj_ergodox_pjrc/protocol/pjrc/pjrc.o
 .text.send_mouse
                0x0000000000001aea       0x16 obj_ergodox_pjrc/protocol/pjrc/pjrc.o
 .text.send_keyboard
                0x0000000000001b00        0x4 obj_ergodox_pjrc/protocol/pjrc/pjrc.o
 .text.pjrc_driver
                0x0000000000001b04        0x6 obj_ergodox_pjrc/protocol/pjrc/pjrc.o
                0x0000000000001b04                pjrc_driver
 .text.send_report.constprop.0
                0x0000000000001b0a       0x7e obj_ergodox_pjrc/protocol/pjrc/usb_keyboard.o
 .text.usb_keyboard_print_report
                0x0000000000001b88       0x9c obj_ergodox_pjrc/protocol/pjrc/usb_keyboard.o
                0x0000000000001b88                usb_keyboard_print_report
 .text.usb_keyboard_send_report
                0x0000000000001c24       0x3a obj_ergodox_pjrc/protocol/pjrc/usb_keyboard.o
                0x0000000000001c24                usb_keyboard_send_report
 .text.sendchar
                0x0000000000001c5e       0x92 obj_ergodox_pjrc/protocol/pjrc/usb_debug.o
                0x0000000000001c5e                sendchar
 .text.usb_wait_in_ready
                0x0000000000001cf0        0xa obj_ergodox_pjrc/protocol/pjrc/usb.o
 .text.usb_init
                0x0000000000001cfa       0x32 obj_ergodox_pjrc/protocol/pjrc/usb.o
                0x0000000000001cfa                usb_init
 .text.usb_configured
                0x0000000000001d2c       0x16 obj_ergodox_pjrc/protocol/pjrc/usb.o
                0x0000000000001d2c                usb_configured
 .text.usb_remote_wakeup
                0x0000000000001d42       0x14 obj_ergodox_pjrc/protocol/pjrc/usb.o
                0x0000000000001d42                usb_remote_wakeup
 .text.__vector_10
                0x0000000000001d56      0x15a obj_ergodox_pjrc/protocol/pjrc/usb.o
                0x0000000000001d56                __vector_10
 .text.__vector_11
                0x0000000000001eb0      0x3b6 obj_ergodox_pjrc/protocol/pjrc/usb.o
                0x0000000000001eb0                __vector_11
 .text.usb_mouse_send
                0x0000000000002266       0xc6 obj_ergodox_pjrc/protocol/pjrc/usb_mouse.o
                0x0000000000002266                usb_mouse_send
 .text.usb_extra_send
                0x000000000000232c       0x74 obj_ergodox_pjrc/protocol/pjrc/usb_extra.o
                0x000000000000232c                usb_extra_send
 .text.usb_extra_consumer_send
                0x00000000000023a0        0x8 obj_ergodox_pjrc/protocol/pjrc/usb_extra.o
                0x00000000000023a0                usb_extra_consumer_send
 .text.usb_extra_system_send
                0x00000000000023a8        0x8 obj_ergodox_pjrc/protocol/pjrc/usb_extra.o
                0x00000000000023a8                usb_extra_system_send
 .text.host_set_driver
                0x00000000000023b0        0xa obj_ergodox_pjrc/common/host.o
                0x00000000000023b0                host_set_driver
 .text.host_get_driver
                0x00000000000023ba        0xa obj_ergodox_pjrc/common/host.o
                0x00000000000023ba                host_get_driver
 .text.host_keyboard_leds
                0x00000000000023c4       0x18 obj_ergodox_pjrc/common/host.o
                0x00000000000023c4                host_keyboard_leds
 .text.host_keyboard_send
                0x00000000000023dc       0x8a obj_ergodox_pjrc/common/host.o
                0x00000000000023dc                host_keyboard_send
 .text.host_mouse_send
                0x0000000000002466       0x16 obj_ergodox_pjrc/common/host.o
                0x0000000000002466                host_mouse_send
 .text.host_system_send
                0x000000000000247c       0x2c obj_ergodox_pjrc/common/host.o
                0x000000000000247c                host_system_send
 .text.host_consumer_send
                0x00000000000024a8       0x2c obj_ergodox_pjrc/common/host.o
                0x00000000000024a8                host_consumer_send
 .text.keyboard_init
                0x00000000000024d4        0xc obj_ergodox_pjrc/common/keyboard.o
                0x00000000000024d4                keyboard_init
 .text.keyboard_set_leds
                0x00000000000024e0       0x50 obj_ergodox_pjrc/common/keyboard.o
                0x00000000000024e0                keyboard_set_leds
 .text.keyboard_task
                0x0000000000002530      0x146 obj_ergodox_pjrc/common/keyboard.o
                0x0000000000002530                keyboard_task
 .text.action_exec
                0x0000000000002676       0x5c obj_ergodox_pjrc/common/action.o
                0x0000000000002676                action_exec
 .text.register_code
                0x00000000000026d2      0x190 obj_ergodox_pjrc/common/action.o
                0x00000000000026d2                register_code
 .text.unregister_code
                0x0000000000002862       0x9e obj_ergodox_pjrc/common/action.o
                0x0000000000002862                unregister_code
 .text.register_mods
                0x0000000000002900        0xe obj_ergodox_pjrc/common/action.o
                0x0000000000002900                register_mods
 .text.unregister_mods
                0x000000000000290e        0xe obj_ergodox_pjrc/common/action.o
                0x000000000000290e                unregister_mods
 .text.process_action
                0x000000000000291c      0x60c obj_ergodox_pjrc/common/action.o
                0x000000000000291c                process_action
 .text.clear_keyboard_but_mods
                0x0000000000002f28       0x24 obj_ergodox_pjrc/common/action.o
                0x0000000000002f28                clear_keyboard_but_mods
 .text.clear_keyboard
                0x0000000000002f4c        0x8 obj_ergodox_pjrc/common/action.o
                0x0000000000002f4c                clear_keyboard
 .text.is_tap_key
                0x0000000000002f54       0x42 obj_ergodox_pjrc/common/action.o
                0x0000000000002f54                is_tap_key
 .text.debug_event
                0x0000000000002f96       0x1e obj_ergodox_pjrc/common/action.o
                0x0000000000002f96                debug_event
 .text.debug_record
                0x0000000000002fb4       0x20 obj_ergodox_pjrc/common/action.o
                0x0000000000002fb4                debug_record
 .text.debug_waiting_buffer
                0x0000000000002fd4       0x42 obj_ergodox_pjrc/common/action_tapping.o
 .text.debug_tapping_key
                0x0000000000003016       0x1c obj_ergodox_pjrc/common/action_tapping.o
 .text.waiting_buffer_scan_tap
                0x0000000000003032       0xd0 obj_ergodox_pjrc/common/action_tapping.o
 .text.process_tapping
                0x0000000000003102      0x3da obj_ergodox_pjrc/common/action_tapping.o
 .text.action_tapping_process
                0x00000000000034dc      0x15a obj_ergodox_pjrc/common/action_tapping.o
                0x00000000000034dc                action_tapping_process
 .text.action_macro_play
                0x0000000000003636       0xfc obj_ergodox_pjrc/common/action_macro.o
                0x0000000000003636                action_macro_play
 .text.default_layer_debug
                0x0000000000003732        0x2 obj_ergodox_pjrc/common/action_layer.o
                0x0000000000003732                default_layer_debug
 .text.default_layer_set
                0x0000000000003734       0x14 obj_ergodox_pjrc/common/action_layer.o
                0x0000000000003734                default_layer_set
 .text.default_layer_or
                0x0000000000003748       0x34 obj_ergodox_pjrc/common/action_layer.o
                0x0000000000003748                default_layer_or
 .text.default_layer_and
                0x000000000000377c       0x34 obj_ergodox_pjrc/common/action_layer.o
                0x000000000000377c                default_layer_and
 .text.default_layer_xor
                0x00000000000037b0       0x34 obj_ergodox_pjrc/common/action_layer.o
                0x00000000000037b0                default_layer_xor
 .text.layer_clear
                0x00000000000037e4       0x14 obj_ergodox_pjrc/common/action_layer.o
                0x00000000000037e4                layer_clear
 .text.layer_move
                0x00000000000037f8       0x2a obj_ergodox_pjrc/common/action_layer.o
                0x00000000000037f8                layer_move
 .text.layer_on
                0x0000000000003822       0x42 obj_ergodox_pjrc/common/action_layer.o
                0x0000000000003822                layer_on
 .text.layer_off
                0x0000000000003864       0x4a obj_ergodox_pjrc/common/action_layer.o
                0x0000000000003864                layer_off
 .text.layer_invert
                0x00000000000038ae       0x42 obj_ergodox_pjrc/common/action_layer.o
                0x00000000000038ae                layer_invert
 .text.layer_or
                0x00000000000038f0       0x34 obj_ergodox_pjrc/common/action_layer.o
                0x00000000000038f0                layer_or
 .text.layer_and
                0x0000000000003924       0x34 obj_ergodox_pjrc/common/action_layer.o
                0x0000000000003924                layer_and
 .text.layer_xor
                0x0000000000003958       0x34 obj_ergodox_pjrc/common/action_layer.o
                0x0000000000003958                layer_xor
 .text.layer_debug
                0x000000000000398c        0x2 obj_ergodox_pjrc/common/action_layer.o
                0x000000000000398c                layer_debug
 .text.layer_switch_get_action
                0x000000000000398e       0x84 obj_ergodox_pjrc/common/action_layer.o
                0x000000000000398e                layer_switch_get_action
 .text.add_key  0x0000000000003a12       0x9a obj_ergodox_pjrc/common/action_util.o
                0x0000000000003a12                add_key
 .text.del_key  0x0000000000003aac       0x80 obj_ergodox_pjrc/common/action_util.o
                0x0000000000003aac                del_key
 .text.clear_keys
                0x0000000000003b2c       0x1c obj_ergodox_pjrc/common/action_util.o
                0x0000000000003b2c                clear_keys
 .text.add_mods
                0x0000000000003b48        0xc obj_ergodox_pjrc/common/action_util.o
                0x0000000000003b48                add_mods
 .text.del_mods
                0x0000000000003b54        0xe obj_ergodox_pjrc/common/action_util.o
                0x0000000000003b54                del_mods
 .text.clear_mods
                0x0000000000003b62        0x6 obj_ergodox_pjrc/common/action_util.o
                0x0000000000003b62                clear_mods
 .text.add_weak_mods
                0x0000000000003b68        0xc obj_ergodox_pjrc/common/action_util.o
                0x0000000000003b68                add_weak_mods
 .text.del_weak_mods
                0x0000000000003b74        0xe obj_ergodox_pjrc/common/action_util.o
                0x0000000000003b74                del_weak_mods
 .text.clear_weak_mods
                0x0000000000003b82        0x6 obj_ergodox_pjrc/common/action_util.o
                0x0000000000003b82                clear_weak_mods
 .text.set_oneshot_mods
                0x0000000000003b88        0x6 obj_ergodox_pjrc/common/action_util.o
                0x0000000000003b88                set_oneshot_mods
 .text.clear_oneshot_mods
                0x0000000000003b8e        0x6 obj_ergodox_pjrc/common/action_util.o
                0x0000000000003b8e                clear_oneshot_mods
 .text.has_anykey
                0x0000000000003b94       0x26 obj_ergodox_pjrc/common/action_util.o
                0x0000000000003b94                has_anykey
 .text.send_keyboard_report
                0x0000000000003bba       0x4c obj_ergodox_pjrc/common/action_util.o
                0x0000000000003bba                send_keyboard_report
 .text.keycode_to_action
                0x0000000000003c06      0x144 obj_ergodox_pjrc/common/keymap.o
 .text.action_for_key
                0x0000000000003d4a       0xe6 obj_ergodox_pjrc/common/keymap.o
                0x0000000000003d4a                action_for_key
 .text.action_get_macro
                0x0000000000003e30        0x6 obj_ergodox_pjrc/common/keymap.o
                0x0000000000003e30                action_get_macro
 .text.print_set_sendchar
                0x0000000000003e36        0xa obj_ergodox_pjrc/common/print.o
                0x0000000000003e36                print_set_sendchar
 .text.biton32  0x0000000000003e40       0xa6 obj_ergodox_pjrc/common/util.o
                0x0000000000003e40                biton32
 .text.bitrev   0x0000000000003ee6       0x24 obj_ergodox_pjrc/common/util.o
                0x0000000000003ee6                bitrev
 .text.bitrev16
                0x0000000000003f0a       0x34 obj_ergodox_pjrc/common/util.o
                0x0000000000003f0a                bitrev16
 .text.suspend_power_down
                0x0000000000003f3e       0x44 obj_ergodox_pjrc/common/avr/suspend.o
                0x0000000000003f3e                suspend_power_down
 .text.suspend_wakeup_condition
                0x0000000000003f82       0x2a obj_ergodox_pjrc/common/avr/suspend.o
                0x0000000000003f82                suspend_wakeup_condition
 .text.suspend_wakeup_init
                0x0000000000003fac        0x4 obj_ergodox_pjrc/common/avr/suspend.o
                0x0000000000003fac                suspend_wakeup_init
 .text.timer_init
                0x0000000000003fb0       0x12 obj_ergodox_pjrc/common/avr/timer.o
                0x0000000000003fb0                timer_init
 .text.timer_read
                0x0000000000003fc2       0x18 obj_ergodox_pjrc/common/avr/timer.o
                0x0000000000003fc2                timer_read
 .text.timer_elapsed
                0x0000000000003fda       0x52 obj_ergodox_pjrc/common/avr/timer.o
                0x0000000000003fda                timer_elapsed
 .text.__vector_21
                0x000000000000402c       0x4a obj_ergodox_pjrc/common/avr/timer.o
                0x000000000000402c                __vector_21
 .text.bootloader_jump
                0x0000000000004076       0x4c obj_ergodox_pjrc/common/avr/bootloader.o
                0x0000000000004076                bootloader_jump
 .text.scan_keycode
                0x00000000000040c2       0x64 obj_ergodox_pjrc/common/bootmagic.o
 .text.bootmagic_scan_keycode
                0x0000000000004126       0x1c obj_ergodox_pjrc/common/bootmagic.o
                0x0000000000004126                bootmagic_scan_keycode
 .text.bootmagic
                0x0000000000004142      0x266 obj_ergodox_pjrc/common/bootmagic.o
                0x0000000000004142                bootmagic
 .text.eeconfig_init
                0x00000000000043a8       0x34 obj_ergodox_pjrc/common/avr/eeconfig.o
                0x00000000000043a8                eeconfig_init
 .text.eeconfig_is_enabled
                0x00000000000043dc       0x16 obj_ergodox_pjrc/common/avr/eeconfig.o
                0x00000000000043dc                eeconfig_is_enabled
 .text.eeconfig_read_debug
                0x00000000000043f2        0x8 obj_ergodox_pjrc/common/avr/eeconfig.o
                0x00000000000043f2                eeconfig_read_debug
 .text.eeconfig_write_debug
                0x00000000000043fa        0xa obj_ergodox_pjrc/common/avr/eeconfig.o
                0x00000000000043fa                eeconfig_write_debug
 .text.eeconfig_read_default_layer
                0x0000000000004404        0x8 obj_ergodox_pjrc/common/avr/eeconfig.o
                0x0000000000004404                eeconfig_read_default_layer
 .text.eeconfig_write_default_layer
                0x000000000000440c        0xa obj_ergodox_pjrc/common/avr/eeconfig.o
                0x000000000000440c                eeconfig_write_default_layer
 .text.eeconfig_read_keymap
                0x0000000000004416        0x8 obj_ergodox_pjrc/common/avr/eeconfig.o
                0x0000000000004416                eeconfig_read_keymap
 .text.eeconfig_write_keymap
                0x000000000000441e        0xa obj_ergodox_pjrc/common/avr/eeconfig.o
                0x000000000000441e                eeconfig_write_keymap
 .text.move_unit
                0x0000000000004428       0x90 obj_ergodox_pjrc/common/mousekey.o
 .text.wheel_unit
                0x00000000000044b8       0x72 obj_ergodox_pjrc/common/mousekey.o
 .text.mousekey_on
                0x000000000000452a       0xd0 obj_ergodox_pjrc/common/mousekey.o
                0x000000000000452a                mousekey_on
 .text.mousekey_off
                0x00000000000045fa      0x10a obj_ergodox_pjrc/common/mousekey.o
                0x00000000000045fa                mousekey_off
 .text.mousekey_send
                0x0000000000004704      0x11a obj_ergodox_pjrc/common/mousekey.o
                0x0000000000004704                mousekey_send
 .text.mousekey_task
                0x000000000000481e      0x142 obj_ergodox_pjrc/common/mousekey.o
                0x000000000000481e                mousekey_task
 .text.mousekey_clear
                0x0000000000004960       0x18 obj_ergodox_pjrc/common/mousekey.o
                0x0000000000004960                mousekey_clear
 .text.command_console_help
                0x0000000000004978       0x18 obj_ergodox_pjrc/common/command.o
 .text.mousekey_console_help
                0x0000000000004990       0xcc obj_ergodox_pjrc/common/command.o
 .text.mousekey_param_inc
                0x0000000000004a5c      0x1e2 obj_ergodox_pjrc/common/command.o
 .text.mousekey_param_dec
                0x0000000000004c3e      0x19a obj_ergodox_pjrc/common/command.o
 .text.switch_default_layer
                0x0000000000004dd8       0x80 obj_ergodox_pjrc/common/command.o
 .text.command_common
                0x0000000000004e58      0x604 obj_ergodox_pjrc/common/command.o
 .text.command_extra
                0x000000000000545c        0x4 obj_ergodox_pjrc/common/command.o
                0x000000000000545c                command_extra
 .text.command_console_extra
                0x0000000000005460        0x4 obj_ergodox_pjrc/common/command.o
                0x0000000000005460                command_console_extra
 .text.command_proc
                0x0000000000005464      0x2e6 obj_ergodox_pjrc/common/command.o
                0x0000000000005464                command_proc
 .text.sleep_led_init
                0x000000000000574a       0x24 obj_ergodox_pjrc/common/sleep_led.o
                0x000000000000574a                sleep_led_init
 .text.sleep_led_enable
                0x000000000000576e        0xc obj_ergodox_pjrc/common/sleep_led.o
                0x000000000000576e                sleep_led_enable
 .text.sleep_led_disable
                0x000000000000577a        0xc obj_ergodox_pjrc/common/sleep_led.o
                0x000000000000577a                sleep_led_disable
 .text.sleep_led_toggle
                0x0000000000005786        0xe obj_ergodox_pjrc/common/sleep_led.o
                0x0000000000005786                sleep_led_toggle
 .text.__vector_17
                0x0000000000005794       0x7e obj_ergodox_pjrc/common/sleep_led.o
                0x0000000000005794                __vector_17
 .text.avr-libc.fplib
                0x0000000000005812        0xa /usr/lib/gcc/avr/4.8.1/../../../avr/lib/avr5/libm.a(fixsfsi.o)
                0x0000000000005812                __fixsfsi
 .text.avr-libc.fplib
                0x000000000000581c       0x58 /usr/lib/gcc/avr/4.8.1/../../../avr/lib/avr5/libm.a(fixunssfsi.o)
                0x000000000000581c                __fixunssfsi
 .text.avr-libc.fplib
                0x0000000000005874       0x7a /usr/lib/gcc/avr/4.8.1/../../../avr/lib/avr5/libm.a(floatsisf.o)
                0x0000000000005874                __floatunsisf
                0x0000000000005878                __floatsisf
 .text.avr-libc.fplib
                0x00000000000058ee       0x44 /usr/lib/gcc/avr/4.8.1/../../../avr/lib/avr5/libm.a(fp_split3.o)
                0x00000000000058ee                __fp_split3
                0x00000000000058fe                __fp_splitA
 .text.avr-libc.fplib
                0x0000000000005932        0xe /usr/lib/gcc/avr/4.8.1/../../../avr/lib/avr5/libm.a(fp_zero.o)
                0x0000000000005932                __fp_zero
                0x0000000000005934                __fp_szero
 .text.avr-libc.fplib
                0x0000000000005940        0x4 /usr/lib/gcc/avr/4.8.1/../../../avr/lib/avr5/libm.a(mulsf3.o)
                0x0000000000005940                __mulsf3
 .text.avr-libc.fplib
                0x0000000000005944       0xc2 /usr/lib/gcc/avr/4.8.1/../../../avr/lib/avr5/libm.a(mulsf3x.o)
                0x0000000000005958                __mulsf3x
                0x000000000000595c                __mulsf3_pse
 .text.avr-libc.fplib
                0x0000000000005a06        0xc /usr/lib/gcc/avr/4.8.1/../../../avr/lib/avr5/libm.a(fp_inf.o)
                0x0000000000005a06                __fp_inf
 .text.avr-libc.fplib
                0x0000000000005a12        0x6 /usr/lib/gcc/avr/4.8.1/../../../avr/lib/avr5/libm.a(fp_nan.o)
                0x0000000000005a12                __fp_nan
 .text.avr-libc.fplib
                0x0000000000005a18        0xe /usr/lib/gcc/avr/4.8.1/../../../avr/lib/avr5/libm.a(fp_pscA.o)
                0x0000000000005a18                __fp_pscA
 .text.avr-libc.fplib
                0x0000000000005a26        0xe /usr/lib/gcc/avr/4.8.1/../../../avr/lib/avr5/libm.a(fp_pscB.o)
                0x0000000000005a26                __fp_pscB
 .text.avr-libc.fplib
                0x0000000000005a34       0x22 /usr/lib/gcc/avr/4.8.1/../../../avr/lib/avr5/libm.a(fp_round.o)
                0x0000000000005a34                __fp_round
 .text.libgcc.div
                0x0000000000005a56       0x28 /usr/lib/gcc/avr/4.8.1/avr5/libgcc.a(_divmodhi4.o)
                0x0000000000005a56                __divmodhi4
                0x0000000000005a56                _div
 .text.libgcc   0x0000000000005a7e        0xc /usr/lib/gcc/avr/4.8.1/avr5/libgcc.a(_tablejump.o)
                0x0000000000005a7e                __tablejump2__
                0x0000000000005a82                __tablejump__
 .text.libgcc.div
                0x0000000000005a8a       0x28 /usr/lib/gcc/avr/4.8.1/avr5/libgcc.a(_udivmodhi4.o)
                0x0000000000005a8a                __udivmodhi4
 .text.avr-libc
                0x0000000000005ab2       0x10 /usr/lib/gcc/avr/4.8.1/../../../avr/lib/avr5/libc.a(eerd_byte_atmega32u4.o)
                0x0000000000005ab2                __eerd_byte_m32u4
 .text.avr-libc
                0x0000000000005ac2        0xc /usr/lib/gcc/avr/4.8.1/../../../avr/lib/avr5/libc.a(eerd_word_atmega32u4.o)
                0x0000000000005ac2                __eerd_word_m32u4
 .text.avr-libc
                0x0000000000005ace       0x1c /usr/lib/gcc/avr/4.8.1/../../../avr/lib/avr5/libc.a(eewr_byte_atmega32u4.o)
                0x0000000000005ace                __eewr_byte_m32u4
                0x0000000000005ad0                __eewr_r18_m32u4
 .text.avr-libc
                0x0000000000005aea        0xa /usr/lib/gcc/avr/4.8.1/../../../avr/lib/avr5/libc.a(eewr_word_atmega32u4.o)
                0x0000000000005aea                __eewr_word_m32u4
 .text.avr-libc
                0x0000000000005af4       0x20 /usr/lib/gcc/avr/4.8.1/../../../avr/lib/avr5/libc.a(eerd_block_atmega32u4.o)
                0x0000000000005af4                __eerd_block_m32u4
                0x0000000000005af8                __eerd_blraw_m32u4
                0x0000000000005b14                . = ALIGN (0x2)
 *(.fini9)
 .fini9         0x0000000000005b14        0x0 /usr/lib/gcc/avr/4.8.1/avr5/libgcc.a(_exit.o)
                0x0000000000005b14                exit
                0x0000000000005b14                _exit
 *(.fini9)
 *(.fini8)
 *(.fini8)
 *(.fini7)
 *(.fini7)
 *(.fini6)
 *(.fini6)
 *(.fini5)
 *(.fini5)
 *(.fini4)
 *(.fini4)
 *(.fini3)
 *(.fini3)
 *(.fini2)
 *(.fini2)
 *(.fini1)
 *(.fini1)
 *(.fini0)
 .fini0         0x0000000000005b14        0x4 /usr/lib/gcc/avr/4.8.1/avr5/libgcc.a(_exit.o)
 *(.fini0)
                0x0000000000005b18                _etext = .

.data           0x0000000000800100       0x22 load address 0x0000000000005b18
                0x0000000000800100                PROVIDE (__data_start, .)
 *(.data)
 .data          0x0000000000800100        0x1 obj_ergodox_pjrc/matrix.o
 .data          0x0000000000800101        0x1 obj_ergodox_pjrc/ergodox.o
                0x0000000000800101                mcp23018_status
 .data          0x0000000000800102        0xa obj_ergodox_pjrc/protocol/pjrc/pjrc.o
 .data          0x000000000080010c        0x2 obj_ergodox_pjrc/protocol/pjrc/usb_keyboard.o
                0x000000000080010c                keyboard_idle
                0x000000000080010d                keyboard_protocol
 .data          0x000000000080010e        0x1 obj_ergodox_pjrc/protocol/pjrc/usb_mouse.o
                0x000000000080010e                usb_mouse_protocol
 .data          0x000000000080010f        0x1 obj_ergodox_pjrc/common/host.o
                0x000000000080010f                keyboard_nkro
 .data          0x0000000000800110        0x2 obj_ergodox_pjrc/common/action_util.o
                0x0000000000800110                keyboard_report
 .data          0x0000000000800112        0x6 obj_ergodox_pjrc/common/mousekey.o
                0x0000000000800112                mk_wheel_time_to_max
                0x0000000000800113                mk_wheel_max_speed
                0x0000000000800114                mk_time_to_max
                0x0000000000800115                mk_max_speed
                0x0000000000800116                mk_interval
                0x0000000000800117                mk_delay
 *(.data*)
 *(.rodata)
 .rodata        0x0000000000800118        0xa obj_ergodox_pjrc/common/command.o
 *(.rodata*)
 *(.gnu.linkonce.d*)
                0x0000000000800122                . = ALIGN (0x2)
                0x0000000000800122                _edata = .
                0x0000000000800122                PROVIDE (__data_end, .)

.bss            0x0000000000800122       0xa9
                0x0000000000800122                PROVIDE (__bss_start, .)
 *(.bss)
 .bss           0x0000000000800122       0x1d obj_ergodox_pjrc/matrix.o
 .bss           0x000000000080013f        0x4 obj_ergodox_pjrc/ergodox.o
                0x000000000080013f                ergodox_left_led_3
                0x0000000000800140                ergodox_left_led_2
                0x0000000000800141                ergodox_left_led_1
                0x0000000000800142                i2c_initialized
 .bss           0x0000000000800143        0x2 obj_ergodox_pjrc/protocol/pjrc/usb_keyboard.o
                0x0000000000800143                usb_keyboard_leds
                0x0000000000800144                usb_keyboard_idle_count
 .bss           0x0000000000800145        0x2 obj_ergodox_pjrc/protocol/pjrc/usb_debug.o
                0x0000000000800145                debug_flush_timer
 .bss           0x0000000000800147        0x4 obj_ergodox_pjrc/protocol/pjrc/usb.o
                0x0000000000800147                suspend
                0x0000000000800148                remote_wakeup
 .bss           0x000000000080014b        0x6 obj_ergodox_pjrc/common/host.o
 .bss           0x0000000000800151        0xf obj_ergodox_pjrc/common/keyboard.o
 .bss           0x0000000000800160       0x38 obj_ergodox_pjrc/common/action_tapping.o
 .bss           0x0000000000800198        0x8 obj_ergodox_pjrc/common/action_layer.o
                0x0000000000800198                layer_state
                0x000000000080019c                default_layer_state
 .bss           0x00000000008001a0       0x13 obj_ergodox_pjrc/common/action_util.o
 .bss           0x00000000008001b3        0x1 obj_ergodox_pjrc/common/debug.o
                0x00000000008001b3                debug_config
 .bss           0x00000000008001b4        0x1 obj_ergodox_pjrc/common/avr/suspend.o
 .bss           0x00000000008001b5        0x2 obj_ergodox_pjrc/common/avr/xprintf.o
                0x00000000008001b5                xfunc_out
 .bss           0x00000000008001b7        0x4 obj_ergodox_pjrc/common/avr/timer.o
                0x00000000008001b7                timer_count
 .bss           0x00000000008001bb        0x9 obj_ergodox_pjrc/common/mousekey.o
 .bss           0x00000000008001c4        0x4 obj_ergodox_pjrc/common/command.o
                0x00000000008001c4                command_state
 .bss           0x00000000008001c8        0x2 obj_ergodox_pjrc/common/sleep_led.o
 *(.bss*)
 *(COMMON)
 COMMON         0x00000000008001ca        0x1 obj_ergodox_pjrc/keymap.o
                0x00000000008001ca                keymap_config
                0x00000000008001cb                PROVIDE (__bss_end, .)
                0x0000000000005b18                __data_load_start = LOADADDR (.data)
                0x0000000000005b3a                __data_load_end = (__data_load_start + SIZEOF (.data))

.noinit         0x00000000008001cb        0x4
                0x00000000008001cb                PROVIDE (__noinit_start, .)
 *(.noinit*)
 .noinit        0x00000000008001cb        0x4 obj_ergodox_pjrc/common/avr/bootloader.o
                0x00000000008001cb                reset_key
                0x00000000008001cf                PROVIDE (__noinit_end, .)
                0x00000000008001cf                _end = .
                0x00000000008001cf                PROVIDE (__heap_start, .)

.eeprom         0x0000000000810000        0x0
 *(.eeprom*)
                0x0000000000810000                __eeprom_end = .

.fuse
 *(.fuse)
 *(.lfuse)
 *(.hfuse)
 *(.efuse)

.lock
 *(.lock*)

.signature
 *(.signature*)

.user_signatures
 *(.user_signatures*)

.stab           0x0000000000000000      0x8b8
 *(.stab)
 .stab          0x0000000000000000      0x8b8 obj_ergodox_pjrc/common/avr/xprintf.o

.stabstr        0x0000000000000000       0x6a
 *(.stabstr)
 .stabstr       0x0000000000000000       0x6a obj_ergodox_pjrc/common/avr/xprintf.o

.stab.excl
 *(.stab.excl)

.stab.exclstr
 *(.stab.exclstr)

.stab.index
 *(.stab.index)

.stab.indexstr
 *(.stab.indexstr)

.comment        0x0000000000000000       0x11
 *(.comment)
 .comment       0x0000000000000000       0x11 obj_ergodox_pjrc/keymap.o
                                         0x12 (size before relaxing)
 .comment       0x0000000000000000       0x12 obj_ergodox_pjrc/matrix.o
 .comment       0x0000000000000000       0x12 obj_ergodox_pjrc/led.o
 .comment       0x0000000000000000       0x12 obj_ergodox_pjrc/ergodox.o
 .comment       0x0000000000000000       0x12 obj_ergodox_pjrc/twimaster.o
 .comment       0x0000000000000000       0x12 obj_ergodox_pjrc/protocol/pjrc/main.o
 .comment       0x0000000000000000       0x12 obj_ergodox_pjrc/protocol/pjrc/pjrc.o
 .comment       0x0000000000000000       0x12 obj_ergodox_pjrc/protocol/pjrc/usb_keyboard.o
 .comment       0x0000000000000000       0x12 obj_ergodox_pjrc/protocol/pjrc/usb_debug.o
 .comment       0x0000000000000000       0x12 obj_ergodox_pjrc/protocol/pjrc/usb.o
 .comment       0x0000000000000000       0x12 obj_ergodox_pjrc/protocol/pjrc/usb_mouse.o
 .comment       0x0000000000000000       0x12 obj_ergodox_pjrc/protocol/pjrc/usb_extra.o
 .comment       0x0000000000000000       0x12 obj_ergodox_pjrc/common/host.o
 .comment       0x0000000000000000       0x12 obj_ergodox_pjrc/common/keyboard.o
 .comment       0x0000000000000000       0x12 obj_ergodox_pjrc/common/action.o
 .comment       0x0000000000000000       0x12 obj_ergodox_pjrc/common/action_tapping.o
 .comment       0x0000000000000000       0x12 obj_ergodox_pjrc/common/action_macro.o
 .comment       0x0000000000000000       0x12 obj_ergodox_pjrc/common/action_layer.o
 .comment       0x0000000000000000       0x12 obj_ergodox_pjrc/common/action_util.o
 .comment       0x0000000000000000       0x12 obj_ergodox_pjrc/common/keymap.o
 .comment       0x0000000000000000       0x12 obj_ergodox_pjrc/common/print.o
 .comment       0x0000000000000000       0x12 obj_ergodox_pjrc/common/debug.o
 .comment       0x0000000000000000       0x12 obj_ergodox_pjrc/common/util.o
 .comment       0x0000000000000000       0x12 obj_ergodox_pjrc/common/avr/suspend.o
 .comment       0x0000000000000000       0x12 obj_ergodox_pjrc/common/avr/timer.o
 .comment       0x0000000000000000       0x12 obj_ergodox_pjrc/common/avr/bootloader.o
 .comment       0x0000000000000000       0x12 obj_ergodox_pjrc/common/bootmagic.o
 .comment       0x0000000000000000       0x12 obj_ergodox_pjrc/common/avr/eeconfig.o
 .comment       0x0000000000000000       0x12 obj_ergodox_pjrc/common/mousekey.o
 .comment       0x0000000000000000       0x12 obj_ergodox_pjrc/common/command.o
 .comment       0x0000000000000000       0x12 obj_ergodox_pjrc/common/sleep_led.o

.note.gnu.build-id
 *(.note.gnu.build-id)

.debug
 *(.debug)

.line
 *(.line)

.debug_srcinfo
 *(.debug_srcinfo)

.debug_sfnames
 *(.debug_sfnames)

.debug_aranges  0x0000000000000000      0x938
 *(.debug_aranges)
 .debug_aranges
                0x0000000000000000       0x40 obj_ergodox_pjrc/keymap.o
 .debug_aranges
                0x0000000000000040       0x78 obj_ergodox_pjrc/matrix.o
 .debug_aranges
                0x00000000000000b8       0x20 obj_ergodox_pjrc/led.o
 .debug_aranges
                0x00000000000000d8       0x48 obj_ergodox_pjrc/ergodox.o
 .debug_aranges
                0x0000000000000120       0x58 obj_ergodox_pjrc/twimaster.o
 .debug_aranges
                0x0000000000000178       0x30 obj_ergodox_pjrc/protocol/pjrc/main.o
 .debug_aranges
                0x00000000000001a8       0x48 obj_ergodox_pjrc/protocol/pjrc/pjrc.o
 .debug_aranges
                0x00000000000001f0       0x30 obj_ergodox_pjrc/protocol/pjrc/usb_keyboard.o
 .debug_aranges
                0x0000000000000220       0x28 obj_ergodox_pjrc/protocol/pjrc/usb_debug.o
 .debug_aranges
                0x0000000000000248       0x58 obj_ergodox_pjrc/protocol/pjrc/usb.o
 .debug_aranges
                0x00000000000002a0       0x28 obj_ergodox_pjrc/protocol/pjrc/usb_mouse.o
 .debug_aranges
                0x00000000000002c8       0x30 obj_ergodox_pjrc/protocol/pjrc/usb_extra.o
 .debug_aranges
                0x00000000000002f8       0x60 obj_ergodox_pjrc/common/host.o
 .debug_aranges
                0x0000000000000358       0x40 obj_ergodox_pjrc/common/keyboard.o
 .debug_aranges
                0x0000000000000398       0x88 obj_ergodox_pjrc/common/action.o
 .debug_aranges
                0x0000000000000420       0x50 obj_ergodox_pjrc/common/action_tapping.o
 .debug_aranges
                0x0000000000000470       0x30 obj_ergodox_pjrc/common/action_macro.o
 .debug_aranges
                0x00000000000004a0       0xa0 obj_ergodox_pjrc/common/action_layer.o
 .debug_aranges
                0x0000000000000540       0xb0 obj_ergodox_pjrc/common/action_util.o
 .debug_aranges
                0x00000000000005f0       0x48 obj_ergodox_pjrc/common/keymap.o
 .debug_aranges
                0x0000000000000638       0x20 obj_ergodox_pjrc/common/print.o
 .debug_aranges
                0x0000000000000658       0x18 obj_ergodox_pjrc/common/debug.o
 .debug_aranges
                0x0000000000000670       0x60 obj_ergodox_pjrc/common/util.o
 .debug_aranges
                0x00000000000006d0       0x48 obj_ergodox_pjrc/common/avr/suspend.o
 .debug_aranges
                0x0000000000000718       0x50 obj_ergodox_pjrc/common/avr/timer.o
 .debug_aranges
                0x0000000000000768       0x28 obj_ergodox_pjrc/common/avr/bootloader.o
 .debug_aranges
                0x0000000000000790       0x40 obj_ergodox_pjrc/common/bootmagic.o
 .debug_aranges
                0x00000000000007d0       0x68 obj_ergodox_pjrc/common/avr/eeconfig.o
 .debug_aranges
                0x0000000000000838       0x50 obj_ergodox_pjrc/common/mousekey.o
 .debug_aranges
                0x0000000000000888       0x70 obj_ergodox_pjrc/common/command.o
 .debug_aranges
                0x00000000000008f8       0x40 obj_ergodox_pjrc/common/sleep_led.o

.debug_pubnames
 *(.debug_pubnames)

.debug_info     0x0000000000000000     0xcf93
 *(.debug_info .gnu.linkonce.wi.*)
 .debug_info    0x0000000000000000      0xf46 obj_ergodox_pjrc/keymap.o
 .debug_info    0x0000000000000f46      0x808 obj_ergodox_pjrc/matrix.o
 .debug_info    0x000000000000174e      0x159 obj_ergodox_pjrc/led.o
 .debug_info    0x00000000000018a7      0x664 obj_ergodox_pjrc/ergodox.o
 .debug_info    0x0000000000001f0b      0x1be obj_ergodox_pjrc/twimaster.o
 .debug_info    0x00000000000020c9      0x3d0 obj_ergodox_pjrc/protocol/pjrc/main.o
 .debug_info    0x0000000000002499      0x400 obj_ergodox_pjrc/protocol/pjrc/pjrc.o
 .debug_info    0x0000000000002899      0x46e obj_ergodox_pjrc/protocol/pjrc/usb_keyboard.o
 .debug_info    0x0000000000002d07      0x132 obj_ergodox_pjrc/protocol/pjrc/usb_debug.o
 .debug_info    0x0000000000002e39      0x8a0 obj_ergodox_pjrc/protocol/pjrc/usb.o
 .debug_info    0x00000000000036d9      0x32f obj_ergodox_pjrc/protocol/pjrc/usb_mouse.o
 .debug_info    0x0000000000003a08      0x199 obj_ergodox_pjrc/protocol/pjrc/usb_extra.o
 .debug_info    0x0000000000003ba1      0x534 obj_ergodox_pjrc/common/host.o
 .debug_info    0x00000000000040d5      0x523 obj_ergodox_pjrc/common/keyboard.o
 .debug_info    0x00000000000045f8     0x15ce obj_ergodox_pjrc/common/action.o
 .debug_info    0x0000000000005bc6      0xe5a obj_ergodox_pjrc/common/action_tapping.o
 .debug_info    0x0000000000006a20      0x808 obj_ergodox_pjrc/common/action_macro.o
 .debug_info    0x0000000000007228      0x850 obj_ergodox_pjrc/common/action_layer.o
 .debug_info    0x0000000000007a78      0x6fa obj_ergodox_pjrc/common/action_util.o
 .debug_info    0x0000000000008172      0xdab obj_ergodox_pjrc/common/keymap.o
 .debug_info    0x0000000000008f1d       0xda obj_ergodox_pjrc/common/print.o
 .debug_info    0x0000000000008ff7       0xfc obj_ergodox_pjrc/common/debug.o
 .debug_info    0x00000000000090f3      0x29b obj_ergodox_pjrc/common/util.o
 .debug_info    0x000000000000938e      0x1f1 obj_ergodox_pjrc/common/avr/suspend.o
 .debug_info    0x000000000000957f      0x204 obj_ergodox_pjrc/common/avr/timer.o
 .debug_info    0x0000000000009783      0x14b obj_ergodox_pjrc/common/avr/bootloader.o
 .debug_info    0x00000000000098ce      0xbeb obj_ergodox_pjrc/common/bootmagic.o
 .debug_info    0x000000000000a4b9      0x3cf obj_ergodox_pjrc/common/avr/eeconfig.o
 .debug_info    0x000000000000a888      0x7ad obj_ergodox_pjrc/common/mousekey.o
 .debug_info    0x000000000000b035     0x1d6a obj_ergodox_pjrc/common/command.o
 .debug_info    0x000000000000cd9f      0x1f4 obj_ergodox_pjrc/common/sleep_led.o

.debug_abbrev   0x0000000000000000     0x36da
 *(.debug_abbrev)
 .debug_abbrev  0x0000000000000000      0x290 obj_ergodox_pjrc/keymap.o
 .debug_abbrev  0x0000000000000290      0x3bd obj_ergodox_pjrc/matrix.o
 .debug_abbrev  0x000000000000064d       0x93 obj_ergodox_pjrc/led.o
 .debug_abbrev  0x00000000000006e0      0x1ce obj_ergodox_pjrc/ergodox.o
 .debug_abbrev  0x00000000000008ae       0xe8 obj_ergodox_pjrc/twimaster.o
 .debug_abbrev  0x0000000000000996      0x170 obj_ergodox_pjrc/protocol/pjrc/main.o
 .debug_abbrev  0x0000000000000b06      0x1ab obj_ergodox_pjrc/protocol/pjrc/pjrc.o
 .debug_abbrev  0x0000000000000cb1      0x23d obj_ergodox_pjrc/protocol/pjrc/usb_keyboard.o
 .debug_abbrev  0x0000000000000eee       0xd2 obj_ergodox_pjrc/protocol/pjrc/usb_debug.o
 .debug_abbrev  0x0000000000000fc0      0x237 obj_ergodox_pjrc/protocol/pjrc/usb.o
 .debug_abbrev  0x00000000000011f7      0x186 obj_ergodox_pjrc/protocol/pjrc/usb_mouse.o
 .debug_abbrev  0x000000000000137d       0xc7 obj_ergodox_pjrc/protocol/pjrc/usb_extra.o
 .debug_abbrev  0x0000000000001444      0x222 obj_ergodox_pjrc/common/host.o
 .debug_abbrev  0x0000000000001666      0x21f obj_ergodox_pjrc/common/keyboard.o
 .debug_abbrev  0x0000000000001885      0x2cc obj_ergodox_pjrc/common/action.o
 .debug_abbrev  0x0000000000001b51      0x307 obj_ergodox_pjrc/common/action_tapping.o
 .debug_abbrev  0x0000000000001e58      0x179 obj_ergodox_pjrc/common/action_macro.o
 .debug_abbrev  0x0000000000001fd1      0x213 obj_ergodox_pjrc/common/action_layer.o
 .debug_abbrev  0x00000000000021e4      0x315 obj_ergodox_pjrc/common/action_util.o
 .debug_abbrev  0x00000000000024f9      0x219 obj_ergodox_pjrc/common/keymap.o
 .debug_abbrev  0x0000000000002712       0x97 obj_ergodox_pjrc/common/print.o
 .debug_abbrev  0x00000000000027a9       0x87 obj_ergodox_pjrc/common/debug.o
 .debug_abbrev  0x0000000000002830       0xcb obj_ergodox_pjrc/common/util.o
 .debug_abbrev  0x00000000000028fb      0x163 obj_ergodox_pjrc/common/avr/suspend.o
 .debug_abbrev  0x0000000000002a5e      0x11e obj_ergodox_pjrc/common/avr/timer.o
 .debug_abbrev  0x0000000000002b7c       0xdf obj_ergodox_pjrc/common/avr/bootloader.o
 .debug_abbrev  0x0000000000002c5b      0x28c obj_ergodox_pjrc/common/bootmagic.o
 .debug_abbrev  0x0000000000002ee7       0xef obj_ergodox_pjrc/common/avr/eeconfig.o
 .debug_abbrev  0x0000000000002fd6      0x1fd obj_ergodox_pjrc/common/mousekey.o
 .debug_abbrev  0x00000000000031d3      0x3c8 obj_ergodox_pjrc/common/command.o
 .debug_abbrev  0x000000000000359b      0x13f obj_ergodox_pjrc/common/sleep_led.o

.debug_line     0x0000000000000000     0x302d
 *(.debug_line .debug_line.* .debug_line_end)
 .debug_line    0x0000000000000000      0x164 obj_ergodox_pjrc/keymap.o
 .debug_line    0x0000000000000164      0x2a9 obj_ergodox_pjrc/matrix.o
 .debug_line    0x000000000000040d       0x7d obj_ergodox_pjrc/led.o
 .debug_line    0x000000000000048a      0x171 obj_ergodox_pjrc/ergodox.o
 .debug_line    0x00000000000005fb      0x13e obj_ergodox_pjrc/twimaster.o
 .debug_line    0x0000000000000739      0x113 obj_ergodox_pjrc/protocol/pjrc/main.o
 .debug_line    0x000000000000084c      0x117 obj_ergodox_pjrc/protocol/pjrc/pjrc.o
 .debug_line    0x0000000000000963      0x10e obj_ergodox_pjrc/protocol/pjrc/usb_keyboard.o
 .debug_line    0x0000000000000a71       0xb3 obj_ergodox_pjrc/protocol/pjrc/usb_debug.o
 .debug_line    0x0000000000000b24      0x32c obj_ergodox_pjrc/protocol/pjrc/usb.o
 .debug_line    0x0000000000000e50       0xe7 obj_ergodox_pjrc/protocol/pjrc/usb_mouse.o
 .debug_line    0x0000000000000f37       0xb0 obj_ergodox_pjrc/protocol/pjrc/usb_extra.o
 .debug_line    0x0000000000000fe7      0x166 obj_ergodox_pjrc/common/host.o
 .debug_line    0x000000000000114d      0x18f obj_ergodox_pjrc/common/keyboard.o
 .debug_line    0x00000000000012dc      0x43c obj_ergodox_pjrc/common/action.o
 .debug_line    0x0000000000001718      0x27f obj_ergodox_pjrc/common/action_tapping.o
 .debug_line    0x0000000000001997      0x139 obj_ergodox_pjrc/common/action_macro.o
 .debug_line    0x0000000000001ad0      0x211 obj_ergodox_pjrc/common/action_layer.o
 .debug_line    0x0000000000001ce1      0x22c obj_ergodox_pjrc/common/action_util.o
 .debug_line    0x0000000000001f0d      0x1b9 obj_ergodox_pjrc/common/keymap.o
 .debug_line    0x00000000000020c6       0x81 obj_ergodox_pjrc/common/print.o
 .debug_line    0x0000000000002147       0x5e obj_ergodox_pjrc/common/debug.o
 .debug_line    0x00000000000021a5      0x173 obj_ergodox_pjrc/common/util.o
 .debug_line    0x0000000000002318      0x10d obj_ergodox_pjrc/common/avr/suspend.o
 .debug_line    0x0000000000002425      0x102 obj_ergodox_pjrc/common/avr/timer.o
 .debug_line    0x0000000000002527       0xbd obj_ergodox_pjrc/common/avr/bootloader.o
 .debug_line    0x00000000000025e4      0x1f9 obj_ergodox_pjrc/common/bootmagic.o
 .debug_line    0x00000000000027dd      0x122 obj_ergodox_pjrc/common/avr/eeconfig.o
 .debug_line    0x00000000000028ff      0x2b4 obj_ergodox_pjrc/common/mousekey.o
 .debug_line    0x0000000000002bb3      0x3bd obj_ergodox_pjrc/common/command.o
 .debug_line    0x0000000000002f70       0xbd obj_ergodox_pjrc/common/sleep_led.o

.debug_frame    0x0000000000000000     0x1830
 *(.debug_frame)
 .debug_frame   0x0000000000000000       0x64 obj_ergodox_pjrc/keymap.o
 .debug_frame   0x0000000000000064      0x188 obj_ergodox_pjrc/matrix.o
 .debug_frame   0x00000000000001ec       0x24 obj_ergodox_pjrc/led.o
 .debug_frame   0x0000000000000210       0x74 obj_ergodox_pjrc/ergodox.o
 .debug_frame   0x0000000000000284       0x94 obj_ergodox_pjrc/twimaster.o
 .debug_frame   0x0000000000000318       0x44 obj_ergodox_pjrc/protocol/pjrc/main.o
 .debug_frame   0x000000000000035c       0x7c obj_ergodox_pjrc/protocol/pjrc/pjrc.o
 .debug_frame   0x00000000000003d8       0xbc obj_ergodox_pjrc/protocol/pjrc/usb_keyboard.o
 .debug_frame   0x0000000000000494       0x48 obj_ergodox_pjrc/protocol/pjrc/usb_debug.o
 .debug_frame   0x00000000000004dc      0x170 obj_ergodox_pjrc/protocol/pjrc/usb.o
 .debug_frame   0x000000000000064c       0x80 obj_ergodox_pjrc/protocol/pjrc/usb_mouse.o
 .debug_frame   0x00000000000006cc       0x64 obj_ergodox_pjrc/protocol/pjrc/usb_extra.o
 .debug_frame   0x0000000000000730       0xd4 obj_ergodox_pjrc/common/host.o
 .debug_frame   0x0000000000000804       0xb4 obj_ergodox_pjrc/common/keyboard.o
 .debug_frame   0x00000000000008b8      0x170 obj_ergodox_pjrc/common/action.o
 .debug_frame   0x0000000000000a28       0xf0 obj_ergodox_pjrc/common/action_tapping.o
 .debug_frame   0x0000000000000b18       0x68 obj_ergodox_pjrc/common/action_macro.o
 .debug_frame   0x0000000000000b80      0x19c obj_ergodox_pjrc/common/action_layer.o
 .debug_frame   0x0000000000000d1c      0x170 obj_ergodox_pjrc/common/action_util.o
 .debug_frame   0x0000000000000e8c       0x74 obj_ergodox_pjrc/common/keymap.o
 .debug_frame   0x0000000000000f00       0x24 obj_ergodox_pjrc/common/print.o
 .debug_frame   0x0000000000000f24      0x110 obj_ergodox_pjrc/common/util.o
 .debug_frame   0x0000000000001034       0x7c obj_ergodox_pjrc/common/avr/suspend.o
 .debug_frame   0x00000000000010b0       0xf0 obj_ergodox_pjrc/common/avr/timer.o
 .debug_frame   0x00000000000011a0       0x34 obj_ergodox_pjrc/common/avr/bootloader.o
 .debug_frame   0x00000000000011d4       0x98 obj_ergodox_pjrc/common/bootmagic.o
 .debug_frame   0x000000000000126c       0xb4 obj_ergodox_pjrc/common/avr/eeconfig.o
 .debug_frame   0x0000000000001320       0xf0 obj_ergodox_pjrc/common/mousekey.o
 .debug_frame   0x0000000000001410      0x368 obj_ergodox_pjrc/common/command.o
 .debug_frame   0x0000000000001778       0xb8 obj_ergodox_pjrc/common/sleep_led.o

.debug_str      0x0000000000000000     0x2870
 *(.debug_str)
 .debug_str     0x0000000000000000      0xe6a obj_ergodox_pjrc/keymap.o
                                        0xf1f (size before relaxing)
 .debug_str     0x0000000000000e6a      0x1a4 obj_ergodox_pjrc/matrix.o
                                        0x3f5 (size before relaxing)
 .debug_str     0x000000000000100e       0x9d obj_ergodox_pjrc/led.o
                                        0x23e (size before relaxing)
 .debug_str     0x00000000000010ab      0x171 obj_ergodox_pjrc/ergodox.o
                                        0x46e (size before relaxing)
 .debug_str     0x000000000000121c       0x42 obj_ergodox_pjrc/twimaster.o
                                        0x1d5 (size before relaxing)
 .debug_str     0x000000000000125e      0x142 obj_ergodox_pjrc/protocol/pjrc/main.o
                                        0x318 (size before relaxing)
 .debug_str     0x00000000000013a0       0x83 obj_ergodox_pjrc/protocol/pjrc/pjrc.o
                                        0x2ac (size before relaxing)
 .debug_str     0x0000000000001423       0xab obj_ergodox_pjrc/protocol/pjrc/usb_keyboard.o
                                        0x2f6 (size before relaxing)
 .debug_str     0x00000000000014ce       0x5a obj_ergodox_pjrc/protocol/pjrc/usb_debug.o
                                        0x1e8 (size before relaxing)
 .debug_str     0x0000000000001528      0x265 obj_ergodox_pjrc/protocol/pjrc/usb.o
                                        0x526 (size before relaxing)
 .debug_str     0x000000000000178d       0x40 obj_ergodox_pjrc/protocol/pjrc/usb_mouse.o
                                        0x24c (size before relaxing)
 .debug_str     0x00000000000017cd       0x39 obj_ergodox_pjrc/protocol/pjrc/usb_extra.o
                                        0x208 (size before relaxing)
 .debug_str     0x0000000000001806       0xb1 obj_ergodox_pjrc/common/host.o
                                        0x363 (size before relaxing)
 .debug_str     0x00000000000018b7       0xa4 obj_ergodox_pjrc/common/keyboard.o
                                        0x3c9 (size before relaxing)
 .debug_str     0x000000000000195b      0x2cd obj_ergodox_pjrc/common/action.o
                                       0x10ce (size before relaxing)
 .debug_str     0x0000000000001c28       0xe3 obj_ergodox_pjrc/common/action_tapping.o
                                        0xaed (size before relaxing)
 .debug_str     0x0000000000001d0b       0x53 obj_ergodox_pjrc/common/action_macro.o
                                        0x865 (size before relaxing)
 .debug_str     0x0000000000001d5e       0x70 obj_ergodox_pjrc/common/action_layer.o
                                        0x401 (size before relaxing)
 .debug_str     0x0000000000001dce       0xf8 obj_ergodox_pjrc/common/action_util.o
                                        0x3cb (size before relaxing)
 .debug_str     0x0000000000001ec6       0x28 obj_ergodox_pjrc/common/keymap.o
                                        0xdff (size before relaxing)
 .debug_str     0x0000000000001eee       0x2d obj_ergodox_pjrc/common/print.o
                                        0x1a3 (size before relaxing)
 .debug_str     0x0000000000001f1b       0x15 obj_ergodox_pjrc/common/debug.o
                                        0x1b9 (size before relaxing)
 .debug_str     0x0000000000001f30       0x46 obj_ergodox_pjrc/common/util.o
                                        0x1cf (size before relaxing)
 .debug_str     0x0000000000001f76       0x39 obj_ergodox_pjrc/common/avr/suspend.o
                                        0x24d (size before relaxing)
 .debug_str     0x0000000000001faf       0x72 obj_ergodox_pjrc/common/avr/timer.o
                                        0x1f6 (size before relaxing)
 .debug_str     0x0000000000002021       0x4d obj_ergodox_pjrc/common/avr/bootloader.o
                                        0x20d (size before relaxing)
 .debug_str     0x000000000000206e       0xdf obj_ergodox_pjrc/common/bootmagic.o
                                        0xa0e (size before relaxing)
 .debug_str     0x000000000000214d       0x85 obj_ergodox_pjrc/common/avr/eeconfig.o
                                        0x29f (size before relaxing)
 .debug_str     0x00000000000021d2       0xf4 obj_ergodox_pjrc/common/mousekey.o
                                        0x66d (size before relaxing)
 .debug_str     0x00000000000022c6      0x555 obj_ergodox_pjrc/common/command.o
                                        0xfc5 (size before relaxing)
 .debug_str     0x000000000000281b       0x55 obj_ergodox_pjrc/common/sleep_led.o
                                        0x220 (size before relaxing)

.debug_loc      0x0000000000000000     0x63ae
 *(.debug_loc)
 .debug_loc     0x0000000000000000      0x1ee obj_ergodox_pjrc/keymap.o
 .debug_loc     0x00000000000001ee      0x4ff obj_ergodox_pjrc/matrix.o
 .debug_loc     0x00000000000006ed       0x48 obj_ergodox_pjrc/ergodox.o
 .debug_loc     0x0000000000000735      0x109 obj_ergodox_pjrc/twimaster.o
 .debug_loc     0x000000000000083e       0xca obj_ergodox_pjrc/protocol/pjrc/pjrc.o
 .debug_loc     0x0000000000000908      0x33a obj_ergodox_pjrc/protocol/pjrc/usb_keyboard.o
 .debug_loc     0x0000000000000c42       0xa4 obj_ergodox_pjrc/protocol/pjrc/usb_debug.o
 .debug_loc     0x0000000000000ce6      0x824 obj_ergodox_pjrc/protocol/pjrc/usb.o
 .debug_loc     0x000000000000150a      0x2e2 obj_ergodox_pjrc/protocol/pjrc/usb_mouse.o
 .debug_loc     0x00000000000017ec      0x155 obj_ergodox_pjrc/protocol/pjrc/usb_extra.o
 .debug_loc     0x0000000000001941      0x1b8 obj_ergodox_pjrc/common/host.o
 .debug_loc     0x0000000000001af9      0x1f1 obj_ergodox_pjrc/common/keyboard.o
 .debug_loc     0x0000000000001cea      0xe0a obj_ergodox_pjrc/common/action.o
 .debug_loc     0x0000000000002af4      0x632 obj_ergodox_pjrc/common/action_tapping.o
 .debug_loc     0x0000000000003126      0x47b obj_ergodox_pjrc/common/action_macro.o
 .debug_loc     0x00000000000035a1      0x698 obj_ergodox_pjrc/common/action_layer.o
 .debug_loc     0x0000000000003c39      0x3dc obj_ergodox_pjrc/common/action_util.o
 .debug_loc     0x0000000000004015      0x3aa obj_ergodox_pjrc/common/keymap.o
 .debug_loc     0x00000000000043bf      0x503 obj_ergodox_pjrc/common/util.o
 .debug_loc     0x00000000000048c2       0x62 obj_ergodox_pjrc/common/avr/suspend.o
 .debug_loc     0x0000000000004924      0x20a obj_ergodox_pjrc/common/avr/timer.o
 .debug_loc     0x0000000000004b2e      0x275 obj_ergodox_pjrc/common/bootmagic.o
 .debug_loc     0x0000000000004da3       0x84 obj_ergodox_pjrc/common/avr/eeconfig.o
 .debug_loc     0x0000000000004e27      0x574 obj_ergodox_pjrc/common/mousekey.o
 .debug_loc     0x000000000000539b      0xf0c obj_ergodox_pjrc/common/command.o
 .debug_loc     0x00000000000062a7      0x107 obj_ergodox_pjrc/common/sleep_led.o

.debug_macinfo
 *(.debug_macinfo)

.debug_weaknames
 *(.debug_weaknames)

.debug_funcnames
 *(.debug_funcnames)

.debug_typenames
 *(.debug_typenames)

.debug_varnames
 *(.debug_varnames)

.debug_pubtypes
 *(.debug_pubtypes)

.debug_ranges   0x0000000000000000      0x9a0
 *(.debug_ranges)
 .debug_ranges  0x0000000000000000       0x30 obj_ergodox_pjrc/keymap.o
 .debug_ranges  0x0000000000000030       0xe8 obj_ergodox_pjrc/matrix.o
 .debug_ranges  0x0000000000000118       0x10 obj_ergodox_pjrc/led.o
 .debug_ranges  0x0000000000000128       0x38 obj_ergodox_pjrc/ergodox.o
 .debug_ranges  0x0000000000000160       0x48 obj_ergodox_pjrc/twimaster.o
 .debug_ranges  0x00000000000001a8       0x20 obj_ergodox_pjrc/protocol/pjrc/main.o
 .debug_ranges  0x00000000000001c8       0x38 obj_ergodox_pjrc/protocol/pjrc/pjrc.o
 .debug_ranges  0x0000000000000200       0x20 obj_ergodox_pjrc/protocol/pjrc/usb_keyboard.o
 .debug_ranges  0x0000000000000220       0x18 obj_ergodox_pjrc/protocol/pjrc/usb_debug.o
 .debug_ranges  0x0000000000000238       0x78 obj_ergodox_pjrc/protocol/pjrc/usb.o
 .debug_ranges  0x00000000000002b0       0x18 obj_ergodox_pjrc/protocol/pjrc/usb_mouse.o
 .debug_ranges  0x00000000000002c8       0x20 obj_ergodox_pjrc/protocol/pjrc/usb_extra.o
 .debug_ranges  0x00000000000002e8       0x50 obj_ergodox_pjrc/common/host.o
 .debug_ranges  0x0000000000000338       0x50 obj_ergodox_pjrc/common/keyboard.o
 .debug_ranges  0x0000000000000388      0x100 obj_ergodox_pjrc/common/action.o
 .debug_ranges  0x0000000000000488       0x70 obj_ergodox_pjrc/common/action_tapping.o
 .debug_ranges  0x00000000000004f8       0x38 obj_ergodox_pjrc/common/action_macro.o
 .debug_ranges  0x0000000000000530      0x120 obj_ergodox_pjrc/common/action_layer.o
 .debug_ranges  0x0000000000000650       0xb8 obj_ergodox_pjrc/common/action_util.o
 .debug_ranges  0x0000000000000708       0x38 obj_ergodox_pjrc/common/keymap.o
 .debug_ranges  0x0000000000000740       0x10 obj_ergodox_pjrc/common/print.o
 .debug_ranges  0x0000000000000750       0x50 obj_ergodox_pjrc/common/util.o
 .debug_ranges  0x00000000000007a0       0x50 obj_ergodox_pjrc/common/avr/suspend.o
 .debug_ranges  0x00000000000007f0       0x40 obj_ergodox_pjrc/common/avr/timer.o
 .debug_ranges  0x0000000000000830       0x18 obj_ergodox_pjrc/common/avr/bootloader.o
 .debug_ranges  0x0000000000000848       0x30 obj_ergodox_pjrc/common/bootmagic.o
 .debug_ranges  0x0000000000000878       0x58 obj_ergodox_pjrc/common/avr/eeconfig.o
 .debug_ranges  0x00000000000008d0       0x40 obj_ergodox_pjrc/common/mousekey.o
 .debug_ranges  0x0000000000000910       0x60 obj_ergodox_pjrc/common/command.o
 .debug_ranges  0x0000000000000970       0x30 obj_ergodox_pjrc/common/sleep_led.o

.debug_macro
 *(.debug_macro)
OUTPUT(ergodox_pjrc.elf elf32-avr)
LOAD linker stubs

Cross Reference Table

Symbol                                            File
__bad_interrupt                                   /usr/lib/gcc/avr/4.8.1/../../../avr/lib/avr5/crtm32u4.o
__bss_end                                         /usr/lib/gcc/avr/4.8.1/avr5/libgcc.a(_clear_bss.o)
__bss_start                                       /usr/lib/gcc/avr/4.8.1/avr5/libgcc.a(_clear_bss.o)
__data_end                                        /usr/lib/gcc/avr/4.8.1/avr5/libgcc.a(_copy_data.o)
__data_load_start                                 /usr/lib/gcc/avr/4.8.1/avr5/libgcc.a(_copy_data.o)
__data_start                                      /usr/lib/gcc/avr/4.8.1/avr5/libgcc.a(_copy_data.o)
__divmodhi4                                       /usr/lib/gcc/avr/4.8.1/avr5/libgcc.a(_divmodhi4.o)
                                                  obj_ergodox_pjrc/common/mousekey.o
__do_clear_bss                                    /usr/lib/gcc/avr/4.8.1/avr5/libgcc.a(_clear_bss.o)
                                                  obj_ergodox_pjrc/common/sleep_led.o
                                                  obj_ergodox_pjrc/common/command.o
                                                  obj_ergodox_pjrc/common/mousekey.o
                                                  obj_ergodox_pjrc/common/bootmagic.o
                                                  obj_ergodox_pjrc/common/avr/timer.o
                                                  obj_ergodox_pjrc/common/avr/suspend.o
                                                  obj_ergodox_pjrc/common/debug.o
                                                  obj_ergodox_pjrc/common/keymap.o
                                                  obj_ergodox_pjrc/common/action_util.o
                                                  obj_ergodox_pjrc/common/action_layer.o
                                                  obj_ergodox_pjrc/common/action_tapping.o
                                                  obj_ergodox_pjrc/common/keyboard.o
                                                  obj_ergodox_pjrc/common/host.o
                                                  obj_ergodox_pjrc/protocol/pjrc/usb.o
                                                  obj_ergodox_pjrc/protocol/pjrc/usb_debug.o
                                                  obj_ergodox_pjrc/protocol/pjrc/usb_keyboard.o
                                                  obj_ergodox_pjrc/ergodox.o
                                                  obj_ergodox_pjrc/matrix.o
                                                  obj_ergodox_pjrc/keymap.o
__do_copy_data                                    /usr/lib/gcc/avr/4.8.1/avr5/libgcc.a(_copy_data.o)
                                                  obj_ergodox_pjrc/common/command.o
                                                  obj_ergodox_pjrc/common/mousekey.o
                                                  obj_ergodox_pjrc/common/action_util.o
                                                  obj_ergodox_pjrc/common/host.o
                                                  obj_ergodox_pjrc/protocol/pjrc/usb_mouse.o
                                                  obj_ergodox_pjrc/protocol/pjrc/usb_keyboard.o
                                                  obj_ergodox_pjrc/protocol/pjrc/pjrc.o
                                                  obj_ergodox_pjrc/ergodox.o
                                                  obj_ergodox_pjrc/matrix.o
__eerd_block_m32u4                                /usr/lib/gcc/avr/4.8.1/../../../avr/lib/avr5/libc.a(eerd_block_atmega32u4.o)
__eerd_blraw_m32u4                                /usr/lib/gcc/avr/4.8.1/../../../avr/lib/avr5/libc.a(eerd_block_atmega32u4.o)
                                                  /usr/lib/gcc/avr/4.8.1/../../../avr/lib/avr5/libc.a(eerd_word_atmega32u4.o)
__eerd_byte_m32u4                                 /usr/lib/gcc/avr/4.8.1/../../../avr/lib/avr5/libc.a(eerd_byte_atmega32u4.o)
                                                  obj_ergodox_pjrc/common/avr/eeconfig.o
__eerd_word_m32u4                                 /usr/lib/gcc/avr/4.8.1/../../../avr/lib/avr5/libc.a(eerd_word_atmega32u4.o)
                                                  obj_ergodox_pjrc/common/avr/eeconfig.o
__eewr_byte_m32u4                                 /usr/lib/gcc/avr/4.8.1/../../../avr/lib/avr5/libc.a(eewr_byte_atmega32u4.o)
                                                  /usr/lib/gcc/avr/4.8.1/../../../avr/lib/avr5/libc.a(eewr_word_atmega32u4.o)
                                                  obj_ergodox_pjrc/common/avr/eeconfig.o
__eewr_r18_m32u4                                  /usr/lib/gcc/avr/4.8.1/../../../avr/lib/avr5/libc.a(eewr_byte_atmega32u4.o)
                                                  /usr/lib/gcc/avr/4.8.1/../../../avr/lib/avr5/libc.a(eewr_word_atmega32u4.o)
__eewr_word_m32u4                                 /usr/lib/gcc/avr/4.8.1/../../../avr/lib/avr5/libc.a(eewr_word_atmega32u4.o)
                                                  obj_ergodox_pjrc/common/avr/eeconfig.o
__fixsfsi                                         /usr/lib/gcc/avr/4.8.1/../../../avr/lib/avr5/libm.a(fixsfsi.o)
                                                  obj_ergodox_pjrc/common/mousekey.o
__fixunssfsi                                      /usr/lib/gcc/avr/4.8.1/../../../avr/lib/avr5/libm.a(fixunssfsi.o)
                                                  /usr/lib/gcc/avr/4.8.1/../../../avr/lib/avr5/libm.a(fixsfsi.o)
__floatsisf                                       /usr/lib/gcc/avr/4.8.1/../../../avr/lib/avr5/libm.a(floatsisf.o)
                                                  obj_ergodox_pjrc/common/mousekey.o
__floatunsisf                                     /usr/lib/gcc/avr/4.8.1/../../../avr/lib/avr5/libm.a(floatsisf.o)
__fp_inf                                          /usr/lib/gcc/avr/4.8.1/../../../avr/lib/avr5/libm.a(fp_inf.o)
                                                  /usr/lib/gcc/avr/4.8.1/../../../avr/lib/avr5/libm.a(mulsf3x.o)
__fp_nan                                          /usr/lib/gcc/avr/4.8.1/../../../avr/lib/avr5/libm.a(fp_nan.o)
                                                  /usr/lib/gcc/avr/4.8.1/../../../avr/lib/avr5/libm.a(mulsf3x.o)
__fp_pscA                                         /usr/lib/gcc/avr/4.8.1/../../../avr/lib/avr5/libm.a(fp_pscA.o)
                                                  /usr/lib/gcc/avr/4.8.1/../../../avr/lib/avr5/libm.a(mulsf3x.o)
__fp_pscB                                         /usr/lib/gcc/avr/4.8.1/../../../avr/lib/avr5/libm.a(fp_pscB.o)
                                                  /usr/lib/gcc/avr/4.8.1/../../../avr/lib/avr5/libm.a(mulsf3x.o)
__fp_round                                        /usr/lib/gcc/avr/4.8.1/../../../avr/lib/avr5/libm.a(fp_round.o)
                                                  /usr/lib/gcc/avr/4.8.1/../../../avr/lib/avr5/libm.a(mulsf3.o)
__fp_split3                                       /usr/lib/gcc/avr/4.8.1/../../../avr/lib/avr5/libm.a(fp_split3.o)
                                                  /usr/lib/gcc/avr/4.8.1/../../../avr/lib/avr5/libm.a(mulsf3x.o)
__fp_splitA                                       /usr/lib/gcc/avr/4.8.1/../../../avr/lib/avr5/libm.a(fp_split3.o)
                                                  /usr/lib/gcc/avr/4.8.1/../../../avr/lib/avr5/libm.a(fixunssfsi.o)
__fp_szero                                        /usr/lib/gcc/avr/4.8.1/../../../avr/lib/avr5/libm.a(fp_zero.o)
                                                  /usr/lib/gcc/avr/4.8.1/../../../avr/lib/avr5/libm.a(mulsf3x.o)
                                                  /usr/lib/gcc/avr/4.8.1/../../../avr/lib/avr5/libm.a(fixsfsi.o)
__fp_zero                                         /usr/lib/gcc/avr/4.8.1/../../../avr/lib/avr5/libm.a(fp_zero.o)
                                                  /usr/lib/gcc/avr/4.8.1/../../../avr/lib/avr5/libm.a(fixunssfsi.o)
__heap_end                                        /usr/lib/gcc/avr/4.8.1/../../../avr/lib/avr5/crtm32u4.o
__init                                            /usr/lib/gcc/avr/4.8.1/../../../avr/lib/avr5/crtm32u4.o
__mulsf3                                          /usr/lib/gcc/avr/4.8.1/../../../avr/lib/avr5/libm.a(mulsf3.o)
                                                  obj_ergodox_pjrc/common/mousekey.o
__mulsf3_pse                                      /usr/lib/gcc/avr/4.8.1/../../../avr/lib/avr5/libm.a(mulsf3x.o)
__mulsf3x                                         /usr/lib/gcc/avr/4.8.1/../../../avr/lib/avr5/libm.a(mulsf3x.o)
                                                  /usr/lib/gcc/avr/4.8.1/../../../avr/lib/avr5/libm.a(mulsf3.o)
__stack                                           /usr/lib/gcc/avr/4.8.1/../../../avr/lib/avr5/crtm32u4.o
__tablejump2__                                    /usr/lib/gcc/avr/4.8.1/avr5/libgcc.a(_tablejump.o)
                                                  obj_ergodox_pjrc/common/command.o
                                                  obj_ergodox_pjrc/common/action.o
__tablejump__                                     /usr/lib/gcc/avr/4.8.1/avr5/libgcc.a(_tablejump.o)
__udivmodhi4                                      /usr/lib/gcc/avr/4.8.1/avr5/libgcc.a(_udivmodhi4.o)
                                                  /usr/lib/gcc/avr/4.8.1/avr5/libgcc.a(_divmodhi4.o)
__vector_1                                        /usr/lib/gcc/avr/4.8.1/../../../avr/lib/avr5/crtm32u4.o
__vector_10                                       obj_ergodox_pjrc/protocol/pjrc/usb.o
                                                  /usr/lib/gcc/avr/4.8.1/../../../avr/lib/avr5/crtm32u4.o
__vector_11                                       obj_ergodox_pjrc/protocol/pjrc/usb.o
                                                  /usr/lib/gcc/avr/4.8.1/../../../avr/lib/avr5/crtm32u4.o
__vector_12                                       /usr/lib/gcc/avr/4.8.1/../../../avr/lib/avr5/crtm32u4.o
__vector_13                                       /usr/lib/gcc/avr/4.8.1/../../../avr/lib/avr5/crtm32u4.o
__vector_14                                       /usr/lib/gcc/avr/4.8.1/../../../avr/lib/avr5/crtm32u4.o
__vector_15                                       /usr/lib/gcc/avr/4.8.1/../../../avr/lib/avr5/crtm32u4.o
__vector_16                                       /usr/lib/gcc/avr/4.8.1/../../../avr/lib/avr5/crtm32u4.o
__vector_17                                       obj_ergodox_pjrc/common/sleep_led.o
                                                  /usr/lib/gcc/avr/4.8.1/../../../avr/lib/avr5/crtm32u4.o
__vector_18                                       /usr/lib/gcc/avr/4.8.1/../../../avr/lib/avr5/crtm32u4.o
__vector_19                                       /usr/lib/gcc/avr/4.8.1/../../../avr/lib/avr5/crtm32u4.o
__vector_2                                        /usr/lib/gcc/avr/4.8.1/../../../avr/lib/avr5/crtm32u4.o
__vector_20                                       /usr/lib/gcc/avr/4.8.1/../../../avr/lib/avr5/crtm32u4.o
__vector_21                                       obj_ergodox_pjrc/common/avr/timer.o
                                                  /usr/lib/gcc/avr/4.8.1/../../../avr/lib/avr5/crtm32u4.o
__vector_22                                       /usr/lib/gcc/avr/4.8.1/../../../avr/lib/avr5/crtm32u4.o
__vector_23                                       /usr/lib/gcc/avr/4.8.1/../../../avr/lib/avr5/crtm32u4.o
__vector_24                                       /usr/lib/gcc/avr/4.8.1/../../../avr/lib/avr5/crtm32u4.o
__vector_25                                       /usr/lib/gcc/avr/4.8.1/../../../avr/lib/avr5/crtm32u4.o
__vector_26                                       /usr/lib/gcc/avr/4.8.1/../../../avr/lib/avr5/crtm32u4.o
__vector_27                                       /usr/lib/gcc/avr/4.8.1/../../../avr/lib/avr5/crtm32u4.o
__vector_28                                       /usr/lib/gcc/avr/4.8.1/../../../avr/lib/avr5/crtm32u4.o
__vector_29                                       /usr/lib/gcc/avr/4.8.1/../../../avr/lib/avr5/crtm32u4.o
__vector_3                                        /usr/lib/gcc/avr/4.8.1/../../../avr/lib/avr5/crtm32u4.o
__vector_30                                       /usr/lib/gcc/avr/4.8.1/../../../avr/lib/avr5/crtm32u4.o
__vector_31                                       /usr/lib/gcc/avr/4.8.1/../../../avr/lib/avr5/crtm32u4.o
__vector_32                                       /usr/lib/gcc/avr/4.8.1/../../../avr/lib/avr5/crtm32u4.o
__vector_33                                       /usr/lib/gcc/avr/4.8.1/../../../avr/lib/avr5/crtm32u4.o
__vector_34                                       /usr/lib/gcc/avr/4.8.1/../../../avr/lib/avr5/crtm32u4.o
__vector_35                                       /usr/lib/gcc/avr/4.8.1/../../../avr/lib/avr5/crtm32u4.o
__vector_36                                       /usr/lib/gcc/avr/4.8.1/../../../avr/lib/avr5/crtm32u4.o
__vector_37                                       /usr/lib/gcc/avr/4.8.1/../../../avr/lib/avr5/crtm32u4.o
__vector_38                                       /usr/lib/gcc/avr/4.8.1/../../../avr/lib/avr5/crtm32u4.o
__vector_39                                       /usr/lib/gcc/avr/4.8.1/../../../avr/lib/avr5/crtm32u4.o
__vector_4                                        /usr/lib/gcc/avr/4.8.1/../../../avr/lib/avr5/crtm32u4.o
__vector_40                                       /usr/lib/gcc/avr/4.8.1/../../../avr/lib/avr5/crtm32u4.o
__vector_41                                       /usr/lib/gcc/avr/4.8.1/../../../avr/lib/avr5/crtm32u4.o
__vector_42                                       /usr/lib/gcc/avr/4.8.1/../../../avr/lib/avr5/crtm32u4.o
__vector_5                                        /usr/lib/gcc/avr/4.8.1/../../../avr/lib/avr5/crtm32u4.o
__vector_6                                        /usr/lib/gcc/avr/4.8.1/../../../avr/lib/avr5/crtm32u4.o
__vector_7                                        /usr/lib/gcc/avr/4.8.1/../../../avr/lib/avr5/crtm32u4.o
__vector_8                                        /usr/lib/gcc/avr/4.8.1/../../../avr/lib/avr5/crtm32u4.o
__vector_9                                        /usr/lib/gcc/avr/4.8.1/../../../avr/lib/avr5/crtm32u4.o
__vector_default                                  /usr/lib/gcc/avr/4.8.1/../../../avr/lib/avr5/crtm32u4.o
__vectors                                         /usr/lib/gcc/avr/4.8.1/../../../avr/lib/avr5/crtm32u4.o
__xprintf                                         obj_ergodox_pjrc/common/avr/xprintf.o
                                                  obj_ergodox_pjrc/common/command.o
                                                  obj_ergodox_pjrc/common/mousekey.o
                                                  obj_ergodox_pjrc/common/action_util.o
                                                  obj_ergodox_pjrc/common/keyboard.o
                                                  obj_ergodox_pjrc/common/host.o
                                                  obj_ergodox_pjrc/protocol/pjrc/usb_mouse.o
                                                  obj_ergodox_pjrc/protocol/pjrc/usb_keyboard.o
                                                  obj_ergodox_pjrc/matrix.o
_div                                              /usr/lib/gcc/avr/4.8.1/avr5/libgcc.a(_divmodhi4.o)
_exit                                             /usr/lib/gcc/avr/4.8.1/avr5/libgcc.a(_exit.o)
action_exec                                       obj_ergodox_pjrc/common/action.o
                                                  obj_ergodox_pjrc/common/keyboard.o
action_for_key                                    obj_ergodox_pjrc/common/keymap.o
                                                  obj_ergodox_pjrc/common/action_layer.o
action_function                                   obj_ergodox_pjrc/keymap.o
                                                  obj_ergodox_pjrc/common/action.o
action_get_macro                                  obj_ergodox_pjrc/common/keymap.o
                                                  obj_ergodox_pjrc/common/action.o
action_macro_play                                 obj_ergodox_pjrc/common/action_macro.o
                                                  obj_ergodox_pjrc/common/action.o
action_tapping_process                            obj_ergodox_pjrc/common/action_tapping.o
                                                  obj_ergodox_pjrc/common/action.o
add_key                                           obj_ergodox_pjrc/common/action_util.o
                                                  obj_ergodox_pjrc/common/action.o
add_mods                                          obj_ergodox_pjrc/common/action_util.o
                                                  obj_ergodox_pjrc/common/action.o
add_weak_mods                                     obj_ergodox_pjrc/common/action_util.o
                                                  obj_ergodox_pjrc/common/action_macro.o
                                                  obj_ergodox_pjrc/common/action.o
biton                                             obj_ergodox_pjrc/common/util.o
                                                  obj_ergodox_pjrc/common/action_util.o
biton16                                           obj_ergodox_pjrc/common/util.o
biton32                                           obj_ergodox_pjrc/common/util.o
                                                  obj_ergodox_pjrc/common/command.o
bitpop                                            obj_ergodox_pjrc/common/util.o
                                                  obj_ergodox_pjrc/common/action_util.o
bitpop16                                          obj_ergodox_pjrc/common/util.o
                                                  obj_ergodox_pjrc/matrix.o
bitpop32                                          obj_ergodox_pjrc/common/util.o
bitrev                                            obj_ergodox_pjrc/common/util.o
bitrev16                                          obj_ergodox_pjrc/common/util.o
                                                  obj_ergodox_pjrc/matrix.o
bitrev32                                          obj_ergodox_pjrc/common/util.o
bootloader_jump                                   obj_ergodox_pjrc/common/avr/bootloader.o
                                                  obj_ergodox_pjrc/common/command.o
                                                  obj_ergodox_pjrc/common/bootmagic.o
                                                  obj_ergodox_pjrc/keymap.o
bootloader_jump_after_watchdog_reset              obj_ergodox_pjrc/common/avr/bootloader.o
bootmagic                                         obj_ergodox_pjrc/common/bootmagic.o
                                                  obj_ergodox_pjrc/common/keyboard.o
bootmagic_scan_keycode                            obj_ergodox_pjrc/common/bootmagic.o
clear_keyboard                                    obj_ergodox_pjrc/common/action.o
                                                  obj_ergodox_pjrc/common/command.o
                                                  obj_ergodox_pjrc/common/avr/suspend.o
                                                  obj_ergodox_pjrc/common/action_tapping.o
                                                  obj_ergodox_pjrc/protocol/pjrc/usb.o
                                                  obj_ergodox_pjrc/keymap.o
clear_keyboard_but_mods                           obj_ergodox_pjrc/common/action.o
                                                  obj_ergodox_pjrc/common/action_layer.o
clear_keys                                        obj_ergodox_pjrc/common/action_util.o
                                                  obj_ergodox_pjrc/common/action.o
clear_mods                                        obj_ergodox_pjrc/common/action_util.o
                                                  obj_ergodox_pjrc/common/action.o
clear_oneshot_mods                                obj_ergodox_pjrc/common/action_util.o
                                                  obj_ergodox_pjrc/common/action.o
clear_weak_mods                                   obj_ergodox_pjrc/common/action_util.o
                                                  obj_ergodox_pjrc/common/action.o
command_console_extra                             obj_ergodox_pjrc/common/command.o
command_extra                                     obj_ergodox_pjrc/common/command.o
command_proc                                      obj_ergodox_pjrc/common/command.o
                                                  obj_ergodox_pjrc/common/action.o
command_state                                     obj_ergodox_pjrc/common/command.o
debug_action                                      obj_ergodox_pjrc/common/action.o
debug_config                                      obj_ergodox_pjrc/common/debug.o
                                                  obj_ergodox_pjrc/common/command.o
                                                  obj_ergodox_pjrc/common/mousekey.o
                                                  obj_ergodox_pjrc/common/bootmagic.o
                                                  obj_ergodox_pjrc/common/action_util.o
                                                  obj_ergodox_pjrc/common/keyboard.o
                                                  obj_ergodox_pjrc/common/host.o
                                                  obj_ergodox_pjrc/protocol/pjrc/usb_mouse.o
                                                  obj_ergodox_pjrc/protocol/pjrc/usb_keyboard.o
                                                  obj_ergodox_pjrc/matrix.o
debug_event                                       obj_ergodox_pjrc/common/action.o
                                                  obj_ergodox_pjrc/common/action_tapping.o
debug_flush_timer                                 obj_ergodox_pjrc/protocol/pjrc/usb_debug.o
                                                  obj_ergodox_pjrc/protocol/pjrc/usb.o
debug_record                                      obj_ergodox_pjrc/common/action.o
                                                  obj_ergodox_pjrc/common/action_tapping.o
default_layer_and                                 obj_ergodox_pjrc/common/action_layer.o
                                                  obj_ergodox_pjrc/common/action.o
default_layer_debug                               obj_ergodox_pjrc/common/action_layer.o
                                                  obj_ergodox_pjrc/common/action.o
default_layer_or                                  obj_ergodox_pjrc/common/action_layer.o
                                                  obj_ergodox_pjrc/common/action.o
default_layer_set                                 obj_ergodox_pjrc/common/action_layer.o
                                                  obj_ergodox_pjrc/common/command.o
                                                  obj_ergodox_pjrc/common/bootmagic.o
default_layer_state                               obj_ergodox_pjrc/common/action_layer.o
                                                  obj_ergodox_pjrc/common/command.o
default_layer_xor                                 obj_ergodox_pjrc/common/action_layer.o
                                                  obj_ergodox_pjrc/common/action.o
del_key                                           obj_ergodox_pjrc/common/action_util.o
                                                  obj_ergodox_pjrc/common/action.o
del_mods                                          obj_ergodox_pjrc/common/action_util.o
                                                  obj_ergodox_pjrc/common/action.o
del_weak_mods                                     obj_ergodox_pjrc/common/action_util.o
                                                  obj_ergodox_pjrc/common/action_macro.o
                                                  obj_ergodox_pjrc/common/action.o
eeconfig_disable                                  obj_ergodox_pjrc/common/avr/eeconfig.o
eeconfig_enable                                   obj_ergodox_pjrc/common/avr/eeconfig.o
eeconfig_init                                     obj_ergodox_pjrc/common/avr/eeconfig.o
                                                  obj_ergodox_pjrc/common/bootmagic.o
eeconfig_is_enabled                               obj_ergodox_pjrc/common/avr/eeconfig.o
                                                  obj_ergodox_pjrc/common/bootmagic.o
eeconfig_read_debug                               obj_ergodox_pjrc/common/avr/eeconfig.o
                                                  obj_ergodox_pjrc/common/command.o
                                                  obj_ergodox_pjrc/common/bootmagic.o
eeconfig_read_default_layer                       obj_ergodox_pjrc/common/avr/eeconfig.o
                                                  obj_ergodox_pjrc/common/command.o
                                                  obj_ergodox_pjrc/common/bootmagic.o
eeconfig_read_keymap                              obj_ergodox_pjrc/common/avr/eeconfig.o
                                                  obj_ergodox_pjrc/common/command.o
                                                  obj_ergodox_pjrc/common/bootmagic.o
eeconfig_write_debug                              obj_ergodox_pjrc/common/avr/eeconfig.o
                                                  obj_ergodox_pjrc/common/bootmagic.o
eeconfig_write_default_layer                      obj_ergodox_pjrc/common/avr/eeconfig.o
                                                  obj_ergodox_pjrc/common/bootmagic.o
eeconfig_write_keymap                             obj_ergodox_pjrc/common/avr/eeconfig.o
                                                  obj_ergodox_pjrc/common/bootmagic.o
ergodox_blink_all_leds                            obj_ergodox_pjrc/ergodox.o
                                                  obj_ergodox_pjrc/matrix.o
ergodox_left_led_1                                obj_ergodox_pjrc/ergodox.o